e5364fe55e9f      10364  tokens.css
2e9f0de84c45     298134  specimen/9e5384f.json
a36f29e1406c        899  specimen/capture.json
dab1a4edde73       3517  specimen/copy.mjs
e3f0f43c9e25       3837  specimen/index.html
1c32ff5a6275       7403  specimen/manifest.json
5af4aecad561       1359  specimen/recorded-source.mjs
410e1bdba4c1      17616  specimen/shell.mjs
42070e59fccd       6225  specimen/specimen.css
710365c1221e      14950  specimen/vendor-product/extensions/inbound-nda/renderer.mjs
3e6b1cda8e93      14599  specimen/vendor-product/web/inspector.mjs
7f84ffa9f2ce       7389  specimen/vendor-product/web/presentation-adapters.mjs
5b3693f6d995     106415  specimen/vendor-product/web/runtime-view.mjs
3d52c7a6831a     134422  specimen/vendor-product/web/styles.css
2409c1a732d5      40646  specimen/vendor-product/web/surface-modules.mjs
3cb84b522fa9       6472  specimen/vendor-product/web/thread-projection.mjs
7bb69be918a8      15203  specimen/vendor-product/web/ui-controls.mjs
f15f404df2cd       1366  specimen/vendor-product/web/user-message.mjs
28ba9753d069      21148  specimen/vendor-product/web/vendor/LICENSES.txt
694dfdfd6583      15842  specimen/vendor-product/web/vendor/floating.mjs
1e0528478d5e       3941  specimen/vendor-product/web/vendor/icons.svg
05e41134d075      43800  specimen/vendor-product/web/vendor/marked.mjs
e7d8182ea0aa     133141  specimen/vendor-product/web/vendor/purify.mjs
ea51d3b1f001       4546  specimen/vendor-product/web/workspace-view.mjs
d13abfe1946f     291114  evidence/continuity-9e5384f.json
03cd7a935713       8351  evidence/continuity-9e5384f.json.attempts.json
a044a3da7c41     158833  evidence/continuity-9e5384f.json.journal.jsonl
dc03e0890e7f      39411  evidence/tests.log
1f75df393539        427  icon.svg
828a7a8ed32c       6400  benchmark-contract.md
64ea97d24322       2982  benchmark-series.md
8a0e093db186      67732  index.html
9833622cb9c1      20819  features.html
9bc61f8afe99       8347  chat.html
9e7e2eda254f       4185  eval.html
92d5ea93f901      18436  experts.html
896f3a505148      22536  tour.html
b36882cfa18b       4713  get.html
9dbafbf56f84       4507  cli.html
4197408caa7d       4235  changelog.html
c6e8f43e0062       3994  models.html
78829ed11da0       4094  data.html
e52b7961cc9c      10377  product-pages.css
65a2edcbd123       4284  product-pages.mjs
90e572243531      47338  site.css
36f4eb5cf837       4686  pricing.css
fff54cb98c86       4914  site.mjs
47c4a9150a9f      15499  media/archive/main-e818463.json
1aa1f6a7b766      38419  media/archive/main-f1373cd.json
20cd83378266      41368  media/archive/main-publication-final-1397b99.json
c80f8f22b947      96376  media/chat-approval-1440-light.png
7751fe03a0a2      83804  media/chat-file-1440-light.png
893fa5c688aa     106268  media/chat-question-1440-light.png
b60af27f2812      90826  media/continue-in-work-1440-light.png
778884b9c27e      75287  media/home-1440-dark.png
6c471419014c      74430  media/home-1440-light.png
e6f8de96a152      49423  media/home-390-light.png
c3102d889b95      58746  media/main/attention-conversation-1440-light.jpg
5e51df2de24e      65458  media/main/chat-approval-1440-light.jpg
c1d9f5ce10a3      56836  media/main/chat-file-1440-light.jpg
cf88f8653a07      75378  media/main/chat-question-1440-light.jpg
e587b50d57bf      65712  media/main/continue-in-work-1440-light.jpg
82f9060b4911      78668  media/main/home-1440-dark.jpg
0ef992556d7c      75077  media/main/home-1440-light.jpg
5f18c1f75b16      34989  media/main/home-390-light.jpg
bae0f8d4e35a      39388  media/main/manifest.json
c3bb9e642e57      81968  media/main/review-1440-dark.jpg
8097aeb9ab29      79100  media/main/review-1440-light.jpg
58481f5a20a5      39297  media/main/review-390-light.jpg
861567375673      68943  media/main/settings-appearance-1440-light.jpg
9f237853fb7b      87138  media/main/settings-integrations-1440-light.jpg
090332cb1b6c      73746  media/main/settings-models-1440-dark.jpg
d8add841487e      72211  media/main/settings-models-1440-light.jpg
c33deb18622b      10832  media/manifest.json
eebced54fd71      62325  media/merged-20260911/approval-1440-dark.jpg
907b58aff5ba      60330  media/merged-20260911/approval-1440-light.jpg
db46241161fd      56276  media/merged-20260911/artifact-1440-dark.jpg
055f1acb00aa      53940  media/merged-20260911/artifact-1440-light.jpg
2114014ee93c      64886  media/merged-20260911/attention-1440-dark.jpg
a6ef32c1ba34      62926  media/merged-20260911/attention-1440-light.jpg
6f7d2a660e29      67230  media/merged-20260911/continuity-1440-dark.jpg
8bf816cd362f      64951  media/merged-20260911/continuity-1440-light.jpg
fac34560ad37      81468  media/merged-20260911/conversation-1440-dark.jpg
8ef31a5dd42d      80660  media/merged-20260911/conversation-1440-light.jpg
06df2e87b6a8      87023  media/merged-20260911/home-1440-dark.jpg
49eddb91cb9c      82467  media/merged-20260911/home-1440-light.jpg
3a481db87d82      62328  media/merged-20260911/integrations-1440-dark.jpg
df21a73e14ac      61235  media/merged-20260911/integrations-1440-light.jpg
77d408e82611      67384  media/merged-20260911/matter-1440-dark.jpg
d48759114445      65073  media/merged-20260911/matter-1440-light.jpg
8b80274da507      60565  media/merged-20260911/models-1440-dark.jpg
63372d766716      59439  media/merged-20260911/models-1440-light.jpg
cd12b026cc2b      16288  media/merged-20260911/observations.json
07a264e051ad      77681  media/merged-20260911/review-1440-dark.jpg
e2e613674690      74704  media/merged-20260911/review-1440-light.jpg
ddf061122f88      68420  media/merged-20260911/running-1440-dark.jpg
68180c37daa2      67841  media/merged-20260911/running-1440-light.jpg
dfe8efe528fc      68274  media/merged-20260911/settings-1440-dark.jpg
09e6bbe40765      66667  media/merged-20260911/settings-1440-light.jpg
09a827368f1e      65160  media/merged-20260911/spark-1440-dark.jpg
226f64083447      62963  media/merged-20260911/spark-1440-light.jpg
c571762ff17b     102721  media/publication-final-20260911/approval-1440-dark.jpg
b90a5435d278     100637  media/publication-final-20260911/approval-1440-light.jpg
8b99353d17bf      76515  media/publication-final-20260911/artifact-1440-dark.jpg
029a2f161ff0      72951  media/publication-final-20260911/artifact-1440-light.jpg
2e97e71a1ad4      90611  media/publication-final-20260911/attention-1440-dark.jpg
3df349e4675d      87078  media/publication-final-20260911/attention-1440-light.jpg
3f0c16bcbe27      91907  media/publication-final-20260911/continuity-1440-dark.jpg
5ff10e7183dd      88100  media/publication-final-20260911/continuity-1440-light.jpg
a888fb26bbf4     120717  media/publication-final-20260911/conversation-1440-dark.jpg
18ec0ba42e02     118618  media/publication-final-20260911/conversation-1440-light.jpg
b23308ab55e9     120081  media/publication-final-20260911/home-1440-dark.jpg
4ade722ac9eb     115420  media/publication-final-20260911/home-1440-light.jpg
3db3a774c936      94018  media/publication-final-20260911/integrations-1440-dark.jpg
46ceb2b97a50      91631  media/publication-final-20260911/integrations-1440-light.jpg
254afb3c24c9      91743  media/publication-final-20260911/matter-1440-dark.jpg
1bcf75775a2b      88014  media/publication-final-20260911/matter-1440-light.jpg
d6e670aabde9      86402  media/publication-final-20260911/models-1440-dark.jpg
bfa7bc2681d1      84097  media/publication-final-20260911/models-1440-light.jpg
edf31570b0d2      19589  media/publication-final-20260911/observations.json
c69500a73374     105493  media/publication-final-20260911/review-1440-dark.jpg
1b0a3c8df481     101097  media/publication-final-20260911/review-1440-light.jpg
6694875b50e3     107062  media/publication-final-20260911/running-1440-dark.jpg
d35c1e5d6a0d      98562  media/publication-final-20260911/running-1440-light.jpg
3e6a70a57f5b     104731  media/publication-final-20260911/settings-1440-dark.jpg
05f54774356d     103052  media/publication-final-20260911/settings-1440-light.jpg
df8b55c73f6b      96901  media/publication-final-20260911/spark-1440-dark.jpg
0593f1cb4a2c      92906  media/publication-final-20260911/spark-1440-light.jpg
58c08599d26d      64717  media/publication-integrated-20260912/approval-1440-dark.jpg
d9f051c0ef80      74446  media/publication-integrated-20260912/approval-1440-light.jpg
22009603b6d0      58191  media/publication-integrated-20260912/artifact-1440-dark.jpg
e4e06d8c01dd      55472  media/publication-integrated-20260912/artifact-1440-light.jpg
13b15135a5c7      66635  media/publication-integrated-20260912/attention-1440-dark.jpg
6e8d592fbda8      64427  media/publication-integrated-20260912/attention-1440-light.jpg
5d02cad3aff6      69290  media/publication-integrated-20260912/continuity-1440-dark.jpg
5c1a70bcb488      66316  media/publication-integrated-20260912/continuity-1440-light.jpg
5b1e6f0205a5      75667  media/publication-integrated-20260912/conversation-1440-dark.jpg
ad78c67d0223      74724  media/publication-integrated-20260912/conversation-1440-light.jpg
0702622e9654      88466  media/publication-integrated-20260912/home-1440-dark.jpg
d66316913fee      81033  media/publication-integrated-20260912/home-1440-light.jpg
7223611f6540      64275  media/publication-integrated-20260912/integrations-1440-dark.jpg
0637cd657444      60649  media/publication-integrated-20260912/integrations-1440-light.jpg
f4679acabf69      69171  media/publication-integrated-20260912/matter-1440-dark.jpg
944bec41a802      66352  media/publication-integrated-20260912/matter-1440-light.jpg
027f6bcb9475      62637  media/publication-integrated-20260912/models-1440-dark.jpg
f64995119442      58295  media/publication-integrated-20260912/models-1440-light.jpg
abd54d134eb9      17911  media/publication-integrated-20260912/observations.json
a911c56b926f      79591  media/publication-integrated-20260912/review-1440-dark.jpg
111802bf4c7d      76074  media/publication-integrated-20260912/review-1440-light.jpg
8e71ae4e2353      65650  media/publication-integrated-20260912/running-1440-dark.jpg
6bcfe5ca1274      88631  media/publication-integrated-20260912/running-1440-light.jpg
4af9ab14c91e      71873  media/publication-integrated-20260912/settings-1440-dark.jpg
478dbb275189      67780  media/publication-integrated-20260912/settings-1440-light.jpg
6f64e28066b9      65595  media/publication-integrated-20260912/spark-1440-dark.jpg
915368ee9043      60921  media/publication-integrated-20260912/spark-1440-light.jpg
8bc0fc26af68     102200  media/review-1440-dark.png
c16272eafa72     101440  media/review-1440-light.png
b194f4c6e0dc      54111  media/review-390-light.png
b433a3c28eb5     104690  media/settings-models-1440-dark.png
1173d1ada00d     103756  media/settings-models-1440-light.png
014181eb616b      30977  build-manifest.json
