TAP version 13
# Subtest: staging has no backend effect, preserves focus nodes on unchanged render, and exposes a visible count
ok 1 - staging has no backend effect, preserves focus nodes on unchanged render, and exposes a visible count
  ---
  duration_ms: 2.226625
  type: 'test'
  ...
# Subtest: an unknown upload is immutable until exact replay reconciles its retained revision
ok 2 - an unknown upload is immutable until exact replay reconciles its retained revision
  ---
  duration_ms: 0.642084
  type: 'test'
  ...
# Subtest: a confirmed upload refusal permits removing the unsaved draft attachment
ok 3 - a confirmed upload refusal permits removing the unsaved draft attachment
  ---
  duration_ms: 0.295625
  type: 'test'
  ...
1..3
# tests 3
# suites 0
# pass 3
# fail 0
# cancelled 0
# skipped 0
# todo 0
# duration_ms 52.540125
