TAP version 13
# (node:30790) ExperimentalWarning: SQLite is an experimental feature and might change at any time
# (Use `node --trace-warnings ...` to show where the warning was created)
# Subtest: unassigned chats run with ordinary tools, isolated files/configuration, and restore by Session ID
ok 1 - unassigned chats run with ordinary tools, isolated files/configuration, and restore by Session ID
  ---
  duration_ms: 680.419208
  type: 'test'
  ...
# Subtest: unassigned coordination scope does not merge all null-project conversations
ok 2 - unassigned coordination scope does not merge all null-project conversations
  ---
  duration_ms: 53.361041
  type: 'test'
  ...
# Subtest: schema13 upgrades byte-backed identities and configuration without resetting declared capabilities or CAS
ok 3 - schema13 upgrades byte-backed identities and configuration without resetting declared capabilities or CAS
  ---
  duration_ms: 140.620125
  type: 'test'
  ...
1..3
# tests 3
# suites 0
# pass 3
# fail 0
# cancelled 0
# skipped 0
# todo 0
# duration_ms 1566.144084
