TAP version 13
# (node:25145) ExperimentalWarning: SQLite is an experimental feature and might change at any time
# (Use `node --trace-warnings ...` to show where the warning was created)
# Subtest: unassigned chats run with ordinary tools, isolated files/configuration, and restore by Session ID
not ok 1 - unassigned chats run with ordinary tools, isolated files/configuration, and restore by Session ID
  ---
  duration_ms: 128.469833
  type: 'test'
  location: '/private/tmp/courtwork-projectless-chat-20260913/app/tests/projectless-chat.test.mjs:12:1'
  failureType: 'testCodeFailure'
  error: |-
    {"error":{"code":"invalid_runtime_config","message":"Invalid permission rule"}}
    
    400 !== 200
    
  code: 'ERR_ASSERTION'
  name: 'AssertionError'
  expected: 200
  actual: 400
  operator: 'strictEqual'
  stack: |-
    ok (file:///private/tmp/courtwork-projectless-chat-20260913/app/tests/projectless-chat.test.mjs:10:25)
    TestContext.<anonymous> (file:///private/tmp/courtwork-projectless-chat-20260913/app/tests/projectless-chat.test.mjs:25:3)
    process.processTicksAndRejections (node:internal/process/task_queues:105:5)
    async Test.run (node:internal/test_runner/test:1054:7)
    async startSubtestAfterBootstrap (node:internal/test_runner/harness:296:3)
  ...
# Subtest: unassigned coordination scope does not merge all null-project conversations
not ok 2 - unassigned coordination scope does not merge all null-project conversations
  ---
  duration_ms: 51.028208
  type: 'test'
  location: '/private/tmp/courtwork-projectless-chat-20260913/app/tests/projectless-chat.test.mjs:48:1'
  failureType: 'testCodeFailure'
  error: 'c.runtimeList is not a function'
  code: 'ERR_TEST_FAILURE'
  name: 'TypeError'
  stack: |-
    TestContext.<anonymous> (file:///private/tmp/courtwork-projectless-chat-20260913/app/tests/projectless-chat.test.mjs:57:18)
    async Test.run (node:internal/test_runner/test:1054:7)
    async Test.processPendingSubtests (node:internal/test_runner/test:744:7)
  ...
# Subtest: schema13 upgrades byte-backed identities and configuration without resetting declared capabilities or CAS
ok 3 - schema13 upgrades byte-backed identities and configuration without resetting declared capabilities or CAS
  ---
  duration_ms: 138.781625
  type: 'test'
  ...
1..3
# tests 3
# suites 0
# pass 1
# fail 2
# cancelled 0
# skipped 0
# todo 0
# duration_ms 933.702875
