command: npm --prefix app run smoke
concurrency: n/a
git rev-parse HEAD: 4deffcfce85b5e72b2b6d60bc237a98b458c622a (merge commit 4deffcf)

> se-agent-v5-runtime@0.1.0 smoke
> node scripts/runtime-smoke.mjs

{
  "status": "passed",
  "provider": "local-fake",
  "transport": "public runtime service",
  "checks": [
    "material read",
    "tool write",
    "persisted artifact",
    "runtime close/reopen",
    "session continuation",
    "revision",
    "historical bytes"
  ],
  "realProvider": "not_run"
}
