✔ card middle layer retains same-target disclosure, resets target and scope, keeps warnings outside (1.488833ms)
✔ Runtime summary rejects previous-session counts and preserves unknown rather than zero (0.787708ms)
✔ presentation entry directory retains honest fallback rows without synthetic actions (0.64625ms)
✔ injected reader checks live scope identity revision and resets disclosure after scope change (0.813458ms)
✔ entry reader receives the exact opener and scope changes do not transfer focus (0.567709ms)
✔ Run projection keeps the selected Session/Run identity and recorded file locator (1.950667ms)
✔ Run projection fails closed for missing or cross-Session identity (0.103709ms)
✔ unknown status is distinct from an explicit empty recorded-file set (0.180542ms)
✔ loading, error, unavailable, and incompatible phases do not expose stale files (0.223834ms)
✔ invalid artifact entries are filtered without turning unknown data into empty (0.151875ms)
✔ readerUnavailable keeps file provenance but revokes every open capability (0.068875ms)
✔ Run card starts collapsed with Files and Run information disclosures (2.303833ms)
✔ Run card does not turn unknown or unavailable files into a zero count (0.374791ms)
✔ Run card rejects stale Open intents after identity or generation changes (0.560375ms)
✔ Run card prevents duplicate async Open actions and preserves both disclosures and focus (4.055375ms)
✔ a late rejected action cannot block or annotate a replacement identity (0.813209ms)
✔ Run card only offers Retry for an error and exposes callback failures (1.291042ms)
✔ removing a focused Retry action returns focus to Run information and preserves both disclosures (0.714792ms)
✔ Run card hides incompatible projection schemas instead of rendering stale details (0.218125ms)
✔ Summary run preserves the clicked opener when disabling it clears browser focus (0.875958ms)
✔ Summary file preserves the clicked opener when disabling it clears browser focus (0.668542ms)
✔ Summary file focus identity follows the recorded version when files reorder (1.381542ms)
ℹ tests 22
ℹ suites 0
ℹ pass 22
ℹ fail 0
ℹ cancelled 0
ℹ skipped 0
ℹ todo 0
ℹ duration_ms 116.279708
