✔ BE41-B accepts source FILE zero and replacement rollback without accepting identical or negative versions (1.442875ms)
✔ BE41-B binds live empty pages to the top token and rejects contradictory or malformed top tokens (0.365583ms)
✔ BE41-B paginator sends exact snapshot; changed snapshot refresh starts at page zero without old token (7.575416ms)
✔ BE41-B late pagination cannot replace a closed and reopened read (2.867458ms)
✔ BE41-B actual authenticated empty endpoint projects with its live top token (257.030375ms)
✔ BE41-B a live snapshot rejection discards explicit sample and exposes Refresh (3.069375ms)
✔ SP1-FE · stale.json validates: one Matter behind, one fully current, sharing a snapshot (2.948584ms)
✔ SP1-FE · quiet.json validates: every Matter current, no prompt-worthy bucket (0.295584ms)
✔ SP1-FE · empty.json validates: no Matters, page.total 0 (0.326458ms)
✔ SP1-FE · partial.json validates: unavailable Matter keeps null counts, not zero (0.221584ms)
✔ SP1-FE · truncated.json validates: 20 refs loaded, true count stated separately (0.922792ms)
✔ SP1-FE · a 0 where a non-observed Matter must publish null is rejected, not read as zero (0.111209ms)
✔ SP1-FE · an observed Matter reporting stale:null instead of a real zero is rejected (0.090916ms)
✔ SP1-FE · a genuine zero-stale Matter is accepted and stays a real, distinct zero (0.122084ms)
✔ SP1-FE · staleRefsTruncated true with fewer than 20 loaded refs is rejected (0.11325ms)
✔ SP1-FE · staleRefsTruncated false while refs fall short of the stated stale count is rejected (0.136291ms)
✔ SP1-FE · more than the 20-ref page ceiling is rejected outright (0.106208ms)
✔ SP1-FE · two Matters in one page reporting different snapshotRefs is rejected (0.102083ms)
✔ SP1-FE · sameSnapshot refuses to confirm consistency across a null snapshot (0.061709ms)
✔ SP1-FE · wrong schemaVersion is rejected (0.065083ms)
✔ SP1-FE · a stale ref not actually behind the Matter's source revision is rejected (0.067958ms)
✔ SP1-FE · byStatus counts that don't sum to derivations.current/stale are rejected (0.063208ms)
✔ SP1-FE · an observed Matter must not carry a reason (0.060125ms)
✔ SP1-FE · a partial Matter must carry a reason (0.060375ms)
✔ SP1-FE · sourceSetChange with a non-increasing revision pair is rejected (0.077208ms)
✔ SP1-FE · a missing sourceSetChange key (vs. an explicit null) is rejected (0.0755ms)
✔ SP1-FE · duplicate matterId within one page is rejected (0.076042ms)
✔ SP1-FE · page bounds exceeding the reported total are rejected (0.18775ms)
✔ SP1-FE · coverage.matters partial without a machine-readable reason is rejected (0.176792ms)
✔ SP1-FE · a non-object payload, and a missing top-level field, are both rejected (0.093709ms)
✔ SP1-FE · activityRows narrows to one candidate status without reordering (0.297125ms)
✔ SP1-FE · truncationNote is null once every stale ref for a Matter is loaded (0.110708ms)
✔ Spark route selects a stable bound owner and opens the existing Work preview (14.130625ms)
✔ Spark route cannot manufacture a Work session for an unbound Matter (0.530125ms)
✔ a newer navigation cancels a pending Spark owner lookup (0.439542ms)
✔ a newer navigation cancels Spark Work activation after session selection (0.397458ms)
✔ Spark revalidates the loaded session binding before activating Work (0.396958ms)
✔ Spark does not activate Work when the selected session failed to load (0.374041ms)
✔ WO-SD-01 · GET /web/samples/spark-derivations/<name>.json 200s for all five scenarios, each a valid, unaltered BE-41 payload (170.01375ms)
✔ WO-SD-01 · the sample route is a literal allowlist: an unregistered scenario name 404s, no directory listing, no traversal (91.252792ms)
✔ WO-SD-01 · the fixture directory no longer exists under app/tests — SD-18's git mv landed for real, not just in spark-projection.test.mjs's path (0.540583ms)
✔ SP1-FE · createSparkView keeps the frozen constructor signature (2.940625ms)
✔ SP1-FE · a projection module fetches nothing, writes nothing, reads no clock (0.220833ms)
✔ SP1-FE · Spark makes no request path containing 'attention' — it resolves, creates or edits no Attention item (0.144625ms)
✔ SP1-FE · Spark writes nothing: no POST/PUT/PATCH/DELETE method anywhere in the view (0.109583ms)
✔ SP1-FE · no Spark-private persistence: no localStorage, sessionStorage or IndexedDB (0.112167ms)
✔ SP1-FE · Spark introduces no new dependency: only relative app/web imports (0.250125ms)
✔ SP1-FE · a 404 is read as unimplemented, never rendered as zero maintenance items (0.057917ms)
✔ SP1-FE · Unavailable is stated in words, not shown as a bare number (0.043666ms)
✔ SP1-FE · pagination carries the prior snapshotRef and can be rejected (0.068ms)
✔ SP1-FE · row navigation calls the host's onOpenMatter and opens no dialog/session of its own (0.145ms)
✔ SP1-FE · static allowlist: spark-view.mjs / spark-projection.mjs are registered (0.854791ms)
✔ SP1-FE · app.mjs wires the sidebar entry without touching the static allowlist array itself (0.150584ms)
✔ SD-01 · createSparkView keeps the frozen constructor signature — sample introduces no new dependency, no new parameter (0.085958ms)
✔ SD-01 · the sample fetch reads the static sample route, never /work-derivations (0.040125ms)
✔ SD-01 · 'Show sample data' appears exactly once as code (comments stripped), inside the unimplemented branch, and nowhere else (0.130375ms)
✔ SD-01 · the sample header label 'Sample data' appears exactly once in the source (one row, no per-card label, no colour class, no icon() call) (0.142458ms)
✔ SD-01 · the scenario select is a single control offering exactly the five frozen fixtures, defaulting to stale (0.075917ms)
✔ SD-01 · exit and re-probe copy match SD-17 exactly: 'Hide sample data', 'Check for a source again' (0.060375ms)
✔ SD-01 · sample rows are read-only: matterRow and the Activity section heading both branch on readOnly before ever calling onOpenMatter (0.16275ms)
✔ SD-01 · sample state is discarded on any valid live payload (including empty) and on any non-404 error, but survives a 404 (0.117958ms)
✔ SD-01 · sample never issues its own /work-derivations request: only load() (via request()) reaches that endpoint (0.051ms)
✔ SD-01 · switching projects clears sample state before the live probe fires (0.045416ms)
✔ SD-01 · sample state is checked before every other render branch and returns before the pager can run (0.049833ms)
✔ SD-01 · sample rendering reuses renderOverview/renderActivity — no second renderer for sample data (0.046167ms)
✔ SD-01 · styles.css gained only additions for the sample row: one new class, --muted-strong, no new colour token (1.578583ms)
✔ SD-01 · the static allowlist registers the five sample JSON files as one loop, with the JSON content type (0.065167ms)
✔ BE41-A HTTP snapshot binds project identity and rejects off-page changes (265.764416ms)
✔ BE41-A HTTP keeps a top-level snapshot token on an empty beyond-total page (157.024542ms)
✔ BE41-A preserves FILE/Matter version zero and reports source revision zero as partial (172.777292ms)
✔ BE41-A staleRefs thresholds 19/20/21 retain exact refs and truncation (125.768792ms)
✔ BE41 empty/zero, project scope, stable pages and stale snapshot rejection without writes (234.224625ms)
✔ BE41 exact status counts, immutable lineage, 20-ref truncation and source membership diff (115.181708ms)
✔ BE41 migrated missing source history gives null counts and project-wide partial coverage (171.112833ms)
✔ BE41 authenticated HTTP validates queries; no Session or producer required (175.209333ms)
✔ BE41 source rollback is real, large diffs are partial, and policy/off-page membership invalidates tokens (190.966042ms)
✔ BE41 oversized identity metadata refuses explicitly rather than breaking the worker frame (89.744209ms)
ℹ tests 77
ℹ suites 0
ℹ pass 77
ℹ fail 0
ℹ cancelled 0
ℹ skipped 0
ℹ todo 0
ℹ duration_ms 1886.559167
