ok   renderer mounts at its declared path
ok   one row per finding, with the packet's own rule id and status word {"rules":[["purpose-limitation","pass"],["need-to-know-recipients","pass"],["security-and-notice","pass"],["term-duration","pass"]],"packet":[["purpose-limitation","pass"],["need-to-know-recipients","pass"],["security-and-notice","pass"],["term-duration","pass"]]}
ok   each rule row is the one anatomy: one 16 glyph, one title, at most one metadata word [[16,16],[16,16],[16,16],[16,16]]
ok   the expanded rule shows the packet's reason, its Unicode anchor and its frozen quote {"reason":"the intended use matches the synthetic transaction purpose","packetReason":"the intended use matches the synthetic transaction purpose","ref":"source-56f9eb80-daa4-4827-abb0-bc9b7c7724ce:1 [168, 268]","expectedRef":"source-56f9eb80-daa4-4827-abb0-bc9b7c7724ce:1 [168, 268]","quote":"1. Purpose. Recipient may use Confidential Information solely to evaluate Project Cedar acquisition.","packetQuote":"1. Purpose. Recipient may use Confidential Information solely to evaluate Project Cedar acquisition."}
ok   the playbook version and the recorded facts are stated once per candidate, not once per rule {"playbookCount":1,"reconciliationBlocks":1,"candidates":1}
ok   the collapsed card and the expanded pane state one stateVersion {"before":"72c28aa13f382312a61e2941283311b4138ebb9a1c32239f47998f670f6d227b","paneHasState":true,"rows":["Version0","Candidates1 candidate","Unresolved0 rules","State72c28aa13f38"]}
ok   the complete review offers exactly the three decisions its descriptor names {"buttons":["Accept this version","Reject","Request evidence"],"enum":["accept","reject","request_evidence"]}
ok   every control in the work surface has a non-empty accessible name {"empty":0}
ok   a decision with no reason is not sent, and says so where the reason is typed {"actionPosts":0,"error":"A reason is required for this decision.","focused":"TEXTAREA"}
ok   a lost acknowledgement is neither a success nor a refusal: no receipt, no promotion, the draft stays {"notice":"The decision was not acknowledged. Sending it again uses the same request.","draft":"Reviewed against the recorded source","stillPending":"pending","decisions":0,"receipts":0}
ok   the retry uses the same request identity and Core records exactly one Decision {"retryId":"decide-4804d838-0989-4d2a-b9a7-ec7fa7ab698a","accepted":{"status":"accepted","decisions":[["accept","decide-4804d838-0989-4d2a-b9a7-ec7fa7ab698a"]],"version":1,"artifact":true}}
ok   the accepted decision becomes one read-only row after its Run, naming the version and the work state {"receipt":[{"title":"candidate-1e5ce0e6b9…","meta":"Accepted this version","note":"version 1 · state f72a09d4e0c9","buttons":0,"afterRunStatus":true}],"stateVersion":"f72a09d4e0c9"}
ok   a null receipt draws no success row {"withNull":0,"restored":1}
ok   an accepted candidate advertises a revision and no decision {"revise":1,"decide":0,"advertised":["revise_candidate"]}
ok   a hand-edited finding is refused by the extension, and nothing is saved {"error":"[{\"code\":\"STATUS_INVALID\",\"path\":\"findings[0].status\",\"message\":\"status is outside the contract\"},{\"code\":\"CONCLUSION_MISMATCH\",\"path\":\"findings[0].status\",\"message\":\"expected deterministic status pass\"}]","candidates":1,"parentStatus":"accepted","decisions":1}
ok   the saved revision is a new candidate with lineage; the old candidate, its Decision and the accepted version stay {"candidates":2,"parent":{"id":"candidate-1e5ce0e6b972ab951fce14a541649494a34753a877bf9be110b47f3d4909345a","status":"accepted"},"childId":"revision-97aaa4b7-0f19-46a5-ab2d-585813b33bbc","childProvenance":{"actor":"local-user","kind":"human_revision"},"decisions":1,"artifact":"candidate-1e5ce0e6b972ab951fce14a541649494a34753a877bf9be110b47f3d4909345a","lineageShown":true}
ok   after the revision the earlier decision is neither re-opened nor duplicated, and a new decision on the old base is refused {"replay":{"action":"accept","active_artifact":"artifact-candidate-1e5ce0e6b972ab951fce14a541649494a34753a877bf9be110b47f3d4909345a-1","candidate_id":"candidate-1e5ce0e6b972ab951fce14a541649494a34753a877bf9be110b47f3d4909345a","matter_id":"matter-8c14321f-aacd-4d90-82c8-8386f10bcf04","request_id":"decide-4804d838-0989-4d2a-b9a7-ec7fa7ab698a","version":1},"stale":{"status":409,"code":"CANDIDATE_CLOSED"},"decisions":1}
ok   an unresolved review offers no accept anywhere on the surface {"buttons":["Reject","Request evidence"],"enum":["reject","request_evidence"],"statuses":["pass","pass","pass","unknown"],"metaColours":["rgb(96, 100, 108)","rgb(96, 100, 108)","rgb(96, 100, 108)","rgb(96, 100, 108)"]}
ok   an unknown status word is grey like the rest: unknown is not failed {"buttons":["Reject","Request evidence"],"enum":["reject","request_evidence"],"statuses":["pass","pass","pass","unknown"],"metaColours":["rgb(96, 100, 108)","rgb(96, 100, 108)","rgb(96, 100, 108)","rgb(96, 100, 108)"]}
ok   a conflict is the one coloured status word, and the word carries it too {"words":["conflict","pass","pass","pass"],"conflictColour":"rgb(155, 60, 53)","otherColour":"rgb(96, 100, 108)","flagged":true}
ok   the binding panel is two segments: create new keeps the manifest fields, continue existing lists this project's work {"segments":["Create new","Continue existing"],"entries":[{"label":"Continue matter-1e7abbce-1c42-4491-abd6-0caab6064fdb","meta":"version 0","note":"inbound-nda · source revision 1 · inbound-nda-v1"},{"label":"Continue matter-8c14321f-aacd-4d90-82c8-8386f10bcf04","meta":"version 1","note":"inbound-nda · source revision 1 · inbound-nda-v1"},{"label":"Continue matter-afb84f2a-ec15-41d6-a412-1a35e7a65721","meta":"version 0","note":"inbound-nda · source revision 1 · inbound-nda-v1"}],"fields":["Title","Source text","Represented party and transaction facts (JSON)"]}
ok   another project's work is not in this project's list {"crossProject":0}
ok   a new Session that continues the work shows the original candidates and the decision made in the other Session {"bound":"matter-8c14321f-aacd-4d90-82c8-8386f10bcf04","candidates":[["candidate-1e5ce0e6b972ab951fce14a541649494a34753a877bf9be110b47f3d4909345a","accepted"],["revision-97aaa4b7-0f19-46a5-ab2d-585813b33bbc","pending"]],"decisions":["accept"],"panelHidden":true,"rules":8}
ok   a second binding on a bound Session is refused by the server, not by a guess here {"refused":true,"status":409,"code":"binding_exists"}
ok   releasing the binding returns the Session to plain chat and leaves the work with the project {"binding":null,"matters":3,"stillOwned":true}
ok   no page exception []

26/26
