✔ Changing a reviewed local path clears the visible trust and registration controls (23.424709ms)
✔ every registry glyph is in the sprite and in the ui-controls allowlist (0.830291ms)
✔ offline icon geometry reproduces every pinned sprite shape without changes (2.248ms)
✔ recreated controls contain local shapes and retain their action after disconnection (4.189625ms)
✔ disclosure rows use a native SVG chevron without changing the summary or its name (0.7315ms)
✔ sprite symbols are exactly the pinned Lucide files plus the CourtWork domain files, with recorded hashes (6.655542ms)
✔ domain glyphs follow the admitted geometry contract (0.640833ms)
✔ Spark, Attention and Chat seats and the Settings groups carry their registered glyphs (1.746375ms)
✔ Plugins and Models use distinct established object silhouettes (0.312833ms)
✔ registry owners and generated browser projection agree (37.221958ms)
✔ single-purpose collisions fail while contextual shared geometry is admitted (1.512ms)
✔ unknown geometry and unapproved identity state variants fail (0.524458ms)
✔ contextual names are complete, no-icon and Pages representations are legal (0.343333ms)
✔ semantic action preserves existing control anatomy and handler (1.472916ms)
✔ migrated workspace close/add controls cannot return to raw glyph calls (2.508375ms)
✔ Pages text projection cannot leak its App glyph, malformed owner and representations fail (1.265458ms)
✔ actual workspace consumers preserve callbacks and contextual names (3.95625ms)
✔ domain navigation preserves its handler with a visible label and glyph (0.294ms)
✔ Runtime detail retains each object reading position and focus through a snapshot refresh (29.150291ms)
✔ Late recorded-source completion preserves the currently read object position (11.278458ms)
✔ Changing Session does not carry an old object reading position into the new context (10.863583ms)
✔ Permission explanation remains before an already opened long recorded source (17.777875ms)
✔ Distinct legal resource IDs keep independent DOM relationships and reading positions (9.448291ms)
✔ A pending source read and permission explanation settle independently (15.339416ms)
✔ A failed source response from a prior Session cannot replace the new read (13.902959ms)
✔ attention: a healthy snapshot produces an empty list, not a hidden one (3.606416ms)
✔ attention: health, diagnostics, ask permissions, trust and missing ids each raise one entry (0.342917ms)
✔ contrast: the ratio is WCAG 2.x and the extremes are exact (0.144875ms)
✔ contrast: the browser warning checks exactly the build report pairs (0.491458ms)
✔ copy guard rejects default record nouns and allows verbs, user values and disclosed diagnostics (46.679792ms)
✔ raw consumer guard rejects new, duplicated and stale literal consumers (1.042417ms)
✔ actual raw consumers and Pages cross-map remain registered (39.454125ms)
✔ CC-S · settings-active 时侧栏不渲染，而不是只被藏起来 (1.129167ms)
✔ CC-S · Back to app 是唯一的离开动作，落在页标题行左端 (1.090458ms)
✔ CC-S · 设置的两列有自己的几何 token，不借 --nav 的列轨 (1.208542ms)
✔ WK-115 ① · 第六个状态词是 Unknown，Interrupted 只在明确的终态上出现 (0.479125ms)
✔ WK-115 ② · Home / End 是纯导航键，且只在焦点已在列表里时接管 (0.534375ms)
✔ WK-115 ② · 两条列表各自 role=list，不合并 (0.785625ms)
✔ WK-116 · 改约已落在文档里，不是一次 CSS 修复 (0.106042ms)
✔ Plugins shows owner states without inventing a host lifecycle switch or duplicate tool row (2.897292ms)
✔ Plugins preserves active-run restrictions and reports empty and failed reads (8.051167ms)
✔ 一组完整的 Tier S token 通过，并被规范成可以直接落进样式表的声明 (1.830125ms)
✔ 旧 gray-steel 全量块仍可读取，但新外观格式不接受其固定语义键 (0.898ms)
✔ 产品内的 gray-steel 与 skins/gray-steel.css 逐字相同：两处不许漂移 (1.186708ms)
✔ 不是既有 token 名的声明被逐行拒绝，整组不落地 (0.119292ms)
✔ 颜色 token 只接受 hex：命名色、函数与变量都不行 (0.239875ms)
✔ url( · expression · @import · 转义 · 标记这些形状先于逐行解析被拒绝 (0.087167ms)
✔ 半套色阶被拒绝，并把缺的名字说出来 (0.072167ms)
✔ 行号指回原文，一次报完所有问题 (0.075583ms)
✔ legacy 数值可读，但新外观许可域拒绝材质参数 (0.235875ms)
✔ 一次只收一个块：粘贴整份 skin 文件被拒绝而不是只应用第一段 (0.122916ms)
✔ 空输入与超长输入各有自己的话，不是同一句错误 (0.07275ms)
✔ 代码字体只收字体族名，收不下分号与括号 (0.103708ms)
✔ 读偏好只认闭集里的值：坏掉的存储读成默认，不是读成垃圾 (0.11325ms)
✔ Home 版面偏好是闭集：默认 Modules，坏值读回 Modules 而不是读成第三种版面 (0.108042ms)
✔ Home 模块只安装有既定读取接缝的 Activity 与 Attention (0.10975ms)
✔ Models 模块不复述 composer chip 的事实：它没有自己的读取 (0.048042ms)
✔ 页面的十个组是闭集，未知的节名落回 General (0.06525ms)
✔ CC-I · provenance 的词表今日是闭集的两个词，判定是与 owner 默认值的字面比较 (0.06975ms)
✔ CC-I · 默认态：provenance 是 Default，复位不呈现 (0.498916ms)
✔ CC-I · 改一项之后翻为 Changed on this device，复位可用且可达名字带属性名 (0.126208ms)
✔ CC-I · 复位：值回默认、provenance 回 Default、焦点落在本行控件上、有一条可播报的回执 (0.224291ms)
✔ CC-I · 复位之后的下一次改值作废那条回执，回执不是一条会留在页面上的旧话 (0.106333ms)
✔ CC-I · 没有 owner 默认值的行一个字都不多：同一个函数，不长出这三样 (0.091333ms)
✔ CC-I · provenance 挂在控件上，读屏听得到它而不是一段孤立的文字 (0.087958ms)
✔ CC-I · Code font：未提交的编辑不是 modified，提交后才是，校验失败不改 provenance (0.397042ms)
✔ CC-I · Palette 选了 Custom tokens 但没 Apply 不算 changed：provenance 读生效值不读草稿 (0.304458ms)
✔ CC-I · appearance keeps no value controls; only the provider context window is numeric (1.249292ms)
✔ failed browser storage keeps the active projection but exposes session-only persistence (0.224167ms)
ℹ tests 69
ℹ suites 0
ℹ pass 69
ℹ fail 0
ℹ cancelled 0
ℹ skipped 0
ℹ todo 0
ℹ duration_ms 295.634
