✔ recorded references deduplicate exact identity but retain different Run versions (0.82925ms)
✔ unbound discussion reads no made-up source endpoint; file opens exact captured version (3.88575ms)
✔ scope change rejects late work projection, with no source bytes in the replacement view (0.564416ms)
✔ read failure remains explicit and refresh is available (0.525666ms)
✔ fixed candidate evidence never substitutes the current source revision (0.146833ms)
✔ quoting a full recorded file keeps exact text lines and provenance; current files are rejected (0.205291ms)
✔ missing or mismatched historical bytes stay explicit rather than falling back to latest (1.207208ms)
✔ retained uploads stay separate, fetch versions on disclosure, and return focus to the exact row (25.686125ms)
✔ comparison requires two explicit retained revisions and renders the exact server diff (19.83725ms)
✔ limited source comparisons show the reason without partial diff, and failed comparisons can retry (23.59075ms)
✔ file upload preserves BOM and CRLF bytes through a same-command retry (27.851208ms)
✔ a rejected file read from an old session cannot write an error into the new session (5.990958ms)
✔ explicit retained refresh restores only its own focused button (6.544583ms)
✔ 503 preserves the exact draft and command for retry; editing the draft gets a new command (22.44275ms)
✔ 409 refresh requires opening the changed version before a new replacement is submitted (17.929833ms)
✔ Inspector opens retained UTF-8 at an exact revision and validates full text identity (14.446208ms)
✔ CC-S · settings-active 时侧栏不渲染，而不是只被藏起来 (1.695875ms)
✔ CC-S · Back to app 是唯一的离开动作，落在页标题行左端 (0.2265ms)
✔ CC-S · 设置的两列有自己的几何 token，不借 --nav 的列轨 (0.417125ms)
✔ WK-115 ① · 第六个状态词是 Unknown，Interrupted 只在明确的终态上出现 (0.367375ms)
✔ WK-115 ② · Home / End 是纯导航键，且只在焦点已在列表里时接管 (0.308792ms)
✔ WK-115 ② · 两条列表各自 role=list，不合并 (0.252208ms)
✔ WK-116 · 改约已落在文档里，不是一次 CSS 修复 (0.068167ms)
✔ 一组完整的 Tier S token 通过，并被规范成可以直接落进样式表的声明 (1.947667ms)
✔ 旧 gray-steel 全量块仍可读取，但新外观格式不接受其固定语义键 (0.667625ms)
✔ 产品内的 gray-steel 与 skins/gray-steel.css 逐字相同：两处不许漂移 (1.066583ms)
✔ 不是既有 token 名的声明被逐行拒绝，整组不落地 (0.118708ms)
✔ 颜色 token 只接受 hex：命名色、函数与变量都不行 (0.235708ms)
✔ url( · expression · @import · 转义 · 标记这些形状先于逐行解析被拒绝 (0.08275ms)
✔ 半套色阶被拒绝，并把缺的名字说出来 (0.067792ms)
✔ 行号指回原文，一次报完所有问题 (0.0775ms)
✔ legacy 数值可读，但新外观许可域拒绝材质参数 (0.227916ms)
✔ 一次只收一个块：粘贴整份 skin 文件被拒绝而不是只应用第一段 (0.12ms)
✔ 空输入与超长输入各有自己的话，不是同一句错误 (0.069708ms)
✔ 代码字体只收字体族名，收不下分号与括号 (0.103417ms)
✔ 读偏好只认闭集里的值：坏掉的存储读成默认，不是读成垃圾 (0.102625ms)
✔ Home 版面偏好是闭集：默认 Modules，坏值读回 Modules 而不是读成第三种版面 (0.111916ms)
✔ Home 模块只安装有既定读取接缝的 Activity 与 Attention (0.113417ms)
✔ Models 模块不复述 composer chip 的事实：它没有自己的读取 (0.049334ms)
✔ 页面的九个组是闭集，未知的节名落回 General (0.068584ms)
✔ CC-I · provenance 的词表今日是闭集的两个词，判定是与 owner 默认值的字面比较 (0.063583ms)
✔ CC-I · 默认态：provenance 是 Default，复位不呈现 (0.523ms)
✔ CC-I · 改一项之后翻为 Changed on this device，复位可用且可达名字带属性名 (0.138584ms)
✔ CC-I · 复位：值回默认、provenance 回 Default、焦点落在本行控件上、有一条可播报的回执 (0.239083ms)
✔ CC-I · 复位之后的下一次改值作废那条回执，回执不是一条会留在页面上的旧话 (0.100834ms)
✔ CC-I · 没有 owner 默认值的行一个字都不多：同一个函数，不长出这三样 (0.0875ms)
✔ CC-I · provenance 挂在控件上，读屏听得到它而不是一段孤立的文字 (0.074833ms)
✔ CC-I · Code font：未提交的编辑不是 modified，提交后才是，校验失败不改 provenance (0.410833ms)
✔ CC-I · Palette 选了 Custom tokens 但没 Apply 不算 changed：provenance 读生效值不读草稿 (0.3355ms)
✔ CC-I · appearance keeps no value controls; only the provider context window is numeric (1.281292ms)
✔ failed browser storage keeps the active projection but exposes session-only persistence (0.224125ms)
ℹ tests 51
ℹ suites 0
ℹ pass 51
ℹ fail 0
ℹ cancelled 0
ℹ skipped 0
ℹ todo 0
ℹ duration_ms 275.658917
