Merge audit targeted test run
source tree: 4003c548a314246d8c46516c4033fa5602e19c4b (detached candidate)
working directory: app
command: node --test tests/attention-actions.test.mjs tests/attention-triage.test.mjs tests/attention-triage-recovery.test.mjs tests/attention-agent.test.mjs tests/attention-http.test.mjs tests/home-presentation.test.mjs tests/spark-projection.test.mjs tests/spark-view.test.mjs tests/static-web-manifest.test.mjs tests/shape-governance.test.mjs tests/skin-policy.test.mjs tests/skin-presets.test.mjs tests/settings-navigation.test.mjs tests/settings-preferences.test.mjs tests/shell-layout.test.mjs tests/work-surface-tabs.test.mjs ../tests/color-governance.test.mjs
exit: 0
--- captured node output ---
✔ 颜色字面量只出现在 tier:S 块内 (188.440375ms)
✔ 两 skin × 两宗的角色对比度不低于门槛 (136.9935ms)
✔ the projection accepts exactly the actions this app was built against (4.417708ms)
✔ a descriptor fails closed on a stale revision, an unknown action or a widened schema (1.888875ms)
✔ the detail offers only advertised, understood actions and never an out-of-scope control (42.23075ms)
✔ an item whose descriptors this app cannot read offers no controls at all (1.29275ms)
✔ acknowledge is the action itself: an empty payload, no dialog, no toggle (10.867541ms)
✔ resolve requires a reason and refuses to send without one (8.810375ms)
✔ snooze records a next action and only sends a due time when the trigger is one (7.056875ms)
✔ a recorded due time is required for the at trigger and is sent with its zone (4.874125ms)
✔ resume and reopen name their target state and offer no third one (3.873291ms)
✔ a resolved item offers reopen and nothing the contract withdrew (3.215ms)
✔ nothing is optimistic: only the submit control changes while a request is open (5.969709ms)
✔ when the last row of a page leaves, the view backs up to a page that exists (7.665584ms)
✔ global Attention has replayable identity, shared configuration and a real governed Run (678.777459ms)
✔ progressive memory lists metadata, excludes drafts/tools and binds exact message text (495.567791ms)
✔ schema5 with retained records migrates exactly and global/project invariants reject corruption (165.093666ms)
✔ conversation retry preserves creation identity and exact Run command after a lost receipt (0.728625ms)
✔ closing during send keeps its receipt and restores the finished conversation on reopen (0.172042ms)
✔ a delayed history choice cannot replace the newer conversation or draft (0.177208ms)
✔ conversation rename persists metadata without changing history, scope or draft (81.0945ms)
✔ ATT-BE-01 HTTP round trip keeps multi-Matter/source/execution refs through typed CAS and producer loss (1368.099042ms)
✔ Attention scope, actor ownership, unknown fields and schema versions fail closed over every query kind (181.994125ms)
✔ Runtime Attention adapter captures host execution context, records signals only, and closes with the Run (763.036916ms)
✔ generated Attention consumer packet records the HTTP/Pi/Core invariants (1.468208ms)
✔ ATT-ACT-1 · a submitted action carries the inspected revision and is read back canonically (659.921125ms)
✔ ATT-ACT-2 · a stale revision is refused, announced and never silently replayed (995.388375ms)
✔ ATT-ACT-3 · a lost response is recovered from the receipt, not guessed (571.624333ms)
✔ ATT-ACT-4 · a request that never left is retried under its own identity, once (504.063083ms)
✔ ATT-ACT-5 · a reused identity with different content is refused and surfaced (460.229542ms)
✔ Snooze records Later, which stays a visible view and starts no timer (577.184584ms)
✔ the workspace holds no timer of its own (0.65575ms)
✔ relative time reads the recorded instant without rewriting it (40.600166ms)
✔ the state strip is six explicit views and each one is its own exact query (9.034542ms)
✔ All renders the order the server returned and adds no client sort (0.83725ms)
✔ a row states its status and when the record was updated, and nothing else (3.249459ms)
✔ J K and the arrows walk the list, clamp at both ends and stay out of text controls (2.205833ms)
✔ Enter opens the focused row and Escape returns focus to it (4.278167ms)
✔ Back to items returns to the row, never to the project selector (3.233375ms)
✔ pagination is explicit and a view change starts again at the first page (3.273584ms)
✔ a pending query keeps the workspace readable and never sorts a half page (1.823292ms)
✔ a refused read speaks the adjudicated sentence, never the wire code (2.37425ms)
✔ Home Activity rejects malformed dates, totals, and requested periods (10.424375ms)
✔ Home Attention rejects invalid identity, revision, and pagination packets (0.479625ms)
✔ Home Attention detail accepts only the display contract (0.273208ms)
✔ standalone Attention ignores an older project query after a newer open (55.675125ms)
✔ standalone Attention ignores a stale detail after project selection changes (3.406666ms)
✔ Attention registry opens the global agent explicitly without a model request (0.338708ms)
✔ Back to items clears a pending detail and rejects its late response (2.51625ms)
✔ Review belongs only to needs_you across Home and Attention states (1.436125ms)
✔ CC-S · settings-active 时侧栏不渲染，而不是只被藏起来 (3.210542ms)
✔ CC-S · Back to app 是唯一的离开动作，落在页标题行左端 (0.770416ms)
✔ CC-S · 设置的两列有自己的几何 token，不借 --nav 的列轨 (0.566ms)
✔ WK-115 ① · 第六个状态词是 Unknown，Interrupted 只在明确的终态上出现 (0.724333ms)
✔ WK-115 ② · Home / End 是纯导航键，且只在焦点已在列表里时接管 (0.60825ms)
✔ WK-115 ② · 两条列表各自 role=list，不合并 (0.3815ms)
✔ WK-116 · 改约已落在文档里，不是一次 CSS 修复 (0.107125ms)
✔ 一组完整的 Tier S token 通过，并被规范成可以直接落进样式表的声明 (2.605375ms)
✔ 旧 gray-steel 全量块仍可读取，但新外观格式不接受其固定语义键 (1.125709ms)
✔ 产品内的 gray-steel 与 skins/gray-steel.css 逐字相同：两处不许漂移 (3.824958ms)
✔ 不是既有 token 名的声明被逐行拒绝，整组不落地 (0.3325ms)
✔ 颜色 token 只接受 hex：命名色、函数与变量都不行 (1.922542ms)
✔ url( · expression · @import · 转义 · 标记这些形状先于逐行解析被拒绝 (0.167959ms)
✔ 半套色阶被拒绝，并把缺的名字说出来 (0.4135ms)
✔ 行号指回原文，一次报完所有问题 (0.270916ms)
✔ legacy 数值可读，但新外观许可域拒绝材质参数 (0.665292ms)
✔ 一次只收一个块：粘贴整份 skin 文件被拒绝而不是只应用第一段 (0.174583ms)
✔ 空输入与超长输入各有自己的话，不是同一句错误 (0.092458ms)
✔ 代码字体只收字体族名，收不下分号与括号 (0.607542ms)
✔ 读偏好只认闭集里的值：坏掉的存储读成默认，不是读成垃圾 (0.353166ms)
✔ Home 版面偏好是闭集：默认 Modules，坏值读回 Modules 而不是读成第三种版面 (0.199917ms)
✔ Home 模块只安装有既定读取接缝的 Activity 与 Attention (0.162083ms)
✔ Models 模块不复述 composer chip 的事实：它没有自己的读取 (0.059625ms)
✔ 页面的九个组是闭集，未知的节名落回 General (0.080375ms)
✔ CC-I · provenance 的词表今日是闭集的两个词，判定是与 owner 默认值的字面比较 (0.072125ms)
✔ CC-I · 默认态：provenance 是 Default，复位不呈现 (0.624834ms)
✔ CC-I · 改一项之后翻为 Changed on this device，复位可用且可达名字带属性名 (0.24325ms)
✔ CC-I · 复位：值回默认、provenance 回 Default、焦点落在本行控件上、有一条可播报的回执 (0.31625ms)
✔ CC-I · 复位之后的下一次改值作废那条回执，回执不是一条会留在页面上的旧话 (0.203083ms)
✔ CC-I · 没有 owner 默认值的行一个字都不多：同一个函数，不长出这三样 (0.291542ms)
✔ CC-I · provenance 挂在控件上，读屏听得到它而不是一段孤立的文字 (0.129375ms)
✔ CC-I · Code font：未提交的编辑不是 modified，提交后才是，校验失败不改 provenance (0.399ms)
✔ CC-I · Palette 选了 Custom tokens 但没 Apply 不算 changed：provenance 读生效值不读草稿 (0.365166ms)
✔ CC-I · appearance keeps no value controls; only the provider context window is numeric (1.62625ms)
✔ failed browser storage keeps the active projection but exposes session-only persistence (0.543167ms)
lint-shapes: 1 处违反 WK-128
lint-shapes: 1 处违反 WK-128
lint-shapes: 1 处违反 WK-128
✔ 产品样式表通过形状 lint (162.472292ms)
✔ 满弧写成 50% 会被拒绝，并指回 --radius-pill (134.559125ms)
✔ 组件私有的游离圆角会被拒绝 (124.221792ms)
✔ 不建立在形状角色上的表达式会被拒绝，派生式与多角声明通过 (232.572625ms)
✔ 登记表内的形状按登记放行 (109.965792ms)
✔ native chrome accepts bounded geometry and rejects arbitrary or invalid injection (1.689667ms)
✔ host geometry updates and fullscreen/native nonoverlay remove reservations without adding a strip (0.647708ms)
✔ legacy values remain readable while projection ignores semantic and material keys (4.401875ms)
✔ unknown, semantic, and material declarations cannot enter the modern skin (5.668083ms)
✔ first paint retains raw storage but writes only canonical projected CSS (3.262167ms)
✔ a legal input over 4000 bytes and under 8000 bytes projects identically at first paint (3.063416ms)
✔ the policy is a synchronous classic script before the first-frame bootstrap (0.415333ms)
✔ Dystopia uses one closed preference registry and unknown choices fall back (4.664583ms)
✔ Dystopia is exactly the permitted opaque appearance scale in both modes (1.257916ms)
✔ SP1-FE · stale.json validates: one Matter behind, one fully current, sharing a snapshot (3.865375ms)
✔ SP1-FE · quiet.json validates: every Matter current, no prompt-worthy bucket (0.34775ms)
✔ SP1-FE · empty.json validates: no Matters, page.total 0 (0.201708ms)
✔ SP1-FE · partial.json validates: unavailable Matter keeps null counts, not zero (0.233125ms)
✔ SP1-FE · truncated.json validates: 20 refs loaded, true count stated separately (1.634166ms)
✔ SP1-FE · a 0 where a non-observed Matter must publish null is rejected, not read as zero (0.133083ms)
✔ SP1-FE · an observed Matter reporting stale:null instead of a real zero is rejected (0.098125ms)
✔ SP1-FE · a genuine zero-stale Matter is accepted and stays a real, distinct zero (0.132208ms)
✔ SP1-FE · staleRefsTruncated true with fewer than 20 loaded refs is rejected (0.349958ms)
✔ SP1-FE · staleRefsTruncated false while refs fall short of the stated stale count is rejected (0.400083ms)
✔ SP1-FE · more than the 20-ref page ceiling is rejected outright (0.277625ms)
✔ SP1-FE · two Matters in one page reporting different snapshotRefs is rejected (0.294917ms)
✔ SP1-FE · sameSnapshot refuses to confirm consistency across a null snapshot (0.144375ms)
✔ SP1-FE · wrong schemaVersion is rejected (0.114792ms)
✔ SP1-FE · a stale ref not actually behind the Matter's source revision is rejected (0.091916ms)
✔ SP1-FE · byStatus counts that don't sum to derivations.current/stale are rejected (0.069375ms)
✔ SP1-FE · an observed Matter must not carry a reason (0.060959ms)
✔ SP1-FE · a partial Matter must carry a reason (0.068583ms)
✔ SP1-FE · sourceSetChange with a non-increasing revision pair is rejected (0.093584ms)
✔ SP1-FE · a missing sourceSetChange key (vs. an explicit null) is rejected (0.082708ms)
✔ SP1-FE · duplicate matterId within one page is rejected (0.072709ms)
✔ SP1-FE · page bounds exceeding the reported total are rejected (0.069291ms)
✔ SP1-FE · coverage.matters partial without a machine-readable reason is rejected (0.049125ms)
✔ SP1-FE · a non-object payload, and a missing top-level field, are both rejected (0.172666ms)
✔ SP1-FE · activityRows narrows to one candidate status without reordering (0.171542ms)
✔ SP1-FE · truncationNote is null once every stale ref for a Matter is loaded (0.082959ms)
✔ SP1-FE · createSparkView keeps the frozen constructor signature (1.518916ms)
✔ SP1-FE · a projection module fetches nothing, writes nothing, reads no clock (0.3305ms)
✔ SP1-FE · Spark makes no request path containing 'attention' — it resolves, creates or edits no Attention item (0.126458ms)
✔ SP1-FE · Spark writes nothing: no POST/PUT/PATCH/DELETE method anywhere in the view (0.106167ms)
✔ SP1-FE · no Spark-private persistence: no localStorage, sessionStorage or IndexedDB (0.088708ms)
✔ SP1-FE · Spark introduces no new dependency: only relative app/web imports (0.160208ms)
✔ SP1-FE · a 404 is read as unimplemented, never rendered as zero maintenance items (0.059042ms)
✔ SP1-FE · Unavailable is stated in words, not shown as a bare number (0.891416ms)
✔ SP1-FE · pagination carries the prior snapshotRef and can be rejected (0.07225ms)
✔ SP1-FE · row navigation calls the host's onOpenMatter and opens no dialog/session of its own (0.137208ms)
✔ SP1-FE · static allowlist: spark-view.mjs / spark-projection.mjs are registered (1.555917ms)
✔ SP1-FE · app.mjs wires the sidebar entry without touching the static allowlist array itself (0.263834ms)
✔ 每个 app/web 模块都在静态白名单里，且每条白名单路由都指向磁盘上存在的文件 (34.422625ms)
✔ ui-controls 白名单、icons.svg 的 symbol id、manifest 的 lucide.files 三者一致 (3.645917ms)
✔ manifest.lucide 与 tools/ui-vendor/lucide/sources.json 逐字相同（生成源=已记录来源） (2.007625ms)
✔ manifest.outputs 里记的每个文件哈希都等于该文件此刻在磁盘上的真实 sha256 (2.442666ms)
✔ 白名单决定 /web 的可取性：模块 200，未列入的仓内材料 404 (301.556375ms)
✔ skin-policy.js is an exact synchronous static route (91.077958ms)
✔ CC-W 第 0 项 · 工作面定性按视口分档，旧的 not-a-third-column 已不在文档里 (1.756041ms)
✔ CC-W 第 0 项 · 尺寸 token 表登记了 ≥1680 断点、--doc-min 与正文行宽上限 (0.158458ms)
✔ CC-W 第 0 项 · M-9 在途换词不换宽度，按钮元素本身不被替换 (0.657417ms)
✔ CC-W 第 0 项 · M-10 tooltip 共享延迟：首个 400，窗口内相邻即时 (0.723083ms)
✔ CC-W 1 · 文档 tab 只有一个，身份由既有字段拼出，不新增 scope 字段 (0.829041ms)
✔ CC-W 1 · 选中区与关闭区分开；类型 tab 没有关闭区；关闭是明确动作 (0.570417ms)
✔ CC-W 2 · B 态是视图切换：聊天列 hidden + inert，没有遮罩，没有浮层材质 (0.364792ms)
✔ CC-W 3 · C 态是三条真的列轨，各自滚动，chrome 同一基线 (0.578292ms)
✔ CC-W 2 / 3 · 返回控件不在 tablist 里，也不占顶带那个槽位 (0.344083ms)
✔ CC-W 4 / 5 · 面板宽 ≠ 正文行宽；滚动位置在没有布局盒时不被抹成 0 (0.550291ms)
✔ CC-W 1 · agent activity 是 tab 上的一个记号，不是 banner，不只靠颜色 (0.341584ms)
ℹ tests 154
ℹ suites 0
ℹ pass 154
ℹ fail 0
ℹ cancelled 0
ℹ skipped 0
ℹ todo 0
ℹ duration_ms 5538.737208

--- end captured node output ---
