✔ SP1-FE · stale.json validates: one Matter behind, one fully current, sharing a snapshot (3.895125ms)
✔ SP1-FE · quiet.json validates: every Matter current, no prompt-worthy bucket (0.414333ms)
✔ SP1-FE · empty.json validates: no Matters, page.total 0 (0.334667ms)
✔ SP1-FE · partial.json validates: unavailable Matter keeps null counts, not zero (0.523208ms)
✔ SP1-FE · truncated.json validates: 20 refs loaded, true count stated separately (0.662959ms)
✔ SP1-FE · a 0 where a non-observed Matter must publish null is rejected, not read as zero (6.959667ms)
✔ SP1-FE · an observed Matter reporting stale:null instead of a real zero is rejected (0.3755ms)
✔ SP1-FE · a genuine zero-stale Matter is accepted and stays a real, distinct zero (0.428417ms)
✔ SP1-FE · staleRefsTruncated true with fewer than 20 loaded refs is rejected (0.457667ms)
✔ SP1-FE · staleRefsTruncated false while refs fall short of the stated stale count is rejected (1.054708ms)
✔ SP1-FE · more than the 20-ref page ceiling is rejected outright (2.172792ms)
✔ SP1-FE · two Matters in one page reporting different snapshotRefs is rejected (0.166375ms)
✔ SP1-FE · sameSnapshot refuses to confirm consistency across a null snapshot (0.077792ms)
✔ SP1-FE · wrong schemaVersion is rejected (0.078167ms)
✔ SP1-FE · a stale ref not actually behind the Matter's source revision is rejected (0.092417ms)
✔ SP1-FE · byStatus counts that don't sum to derivations.current/stale are rejected (0.067125ms)
✔ SP1-FE · an observed Matter must not carry a reason (0.062916ms)
✔ SP1-FE · a partial Matter must carry a reason (0.067083ms)
✔ SP1-FE · sourceSetChange with a non-increasing revision pair is rejected (0.065ms)
✔ SP1-FE · a missing sourceSetChange key (vs. an explicit null) is rejected (0.075125ms)
✔ SP1-FE · duplicate matterId within one page is rejected (0.074834ms)
✔ SP1-FE · page bounds exceeding the reported total are rejected (0.067583ms)
✔ SP1-FE · coverage.matters partial without a machine-readable reason is rejected (0.055208ms)
✔ SP1-FE · a non-object payload, and a missing top-level field, are both rejected (0.0695ms)
✔ SP1-FE · activityRows narrows to one candidate status without reordering (0.140834ms)
✔ SP1-FE · truncationNote is null once every stale ref for a Matter is loaded (0.079584ms)
✔ Spark route selects a stable bound owner and opens the existing Work preview (24.056042ms)
✔ Spark route cannot manufacture a Work session for an unbound Matter (3.72175ms)
✔ a newer navigation cancels a pending Spark owner lookup (0.723125ms)
✔ a newer navigation cancels Spark Work activation after session selection (0.472583ms)
✔ Spark revalidates the loaded session binding before activating Work (0.462416ms)
✔ Spark does not activate Work when the selected session failed to load (0.421167ms)
✔ SP1-FE · createSparkView keeps the frozen constructor signature (1.979541ms)
✔ SP1-FE · a projection module fetches nothing, writes nothing, reads no clock (0.658709ms)
✔ SP1-FE · Spark makes no request path containing 'attention' — it resolves, creates or edits no Attention item (1.58475ms)
✔ SP1-FE · Spark writes nothing: no POST/PUT/PATCH/DELETE method anywhere in the view (0.511833ms)
✔ SP1-FE · no Spark-private persistence: no localStorage, sessionStorage or IndexedDB (0.271792ms)
✔ SP1-FE · Spark introduces no new dependency: only relative app/web imports (0.465708ms)
✔ SP1-FE · a 404 is read as unimplemented, never rendered as zero maintenance items (0.153334ms)
✔ SP1-FE · Unavailable is stated in words, not shown as a bare number (0.249667ms)
✔ SP1-FE · pagination carries the prior snapshotRef and can be rejected (0.627083ms)
✔ SP1-FE · row navigation calls the host's onOpenMatter and opens no dialog/session of its own (0.395416ms)
✔ SP1-FE · static allowlist: spark-view.mjs / spark-projection.mjs are registered (2.832292ms)
✔ SP1-FE · app.mjs wires the sidebar entry without touching the static allowlist array itself (0.305209ms)
ℹ tests 44
ℹ suites 0
ℹ pass 44
ℹ fail 0
ℹ cancelled 0
ℹ skipped 0
ℹ todo 0
ℹ duration_ms 332.535875
