TAP version 13
# Subtest: search rerender and direct click cannot re-enable/save a stale unsupported effort
ok 1 - search rerender and direct click cannot re-enable/save a stale unsupported effort
  ---
  duration_ms: 26.830209
  type: 'test'
  ...
# Subtest: model dialog keeps saved and draft identity visible while connection and capability provenance stay in collapsed details
ok 2 - model dialog keeps saved and draft identity visible while connection and capability provenance stay in collapsed details
  ---
  duration_ms: 41.627291
  type: 'test'
  ...
# Subtest: same model name and ID on two providers disambiguates Saved and Draft with the group label or provider ID fallback
ok 3 - same model name and ID on two providers disambiguates Saved and Draft with the group label or provider ID fallback
  ---
  duration_ms: 0.510625
  type: 'test'
  ...
1..3
# tests 3
# suites 0
# pass 3
# fail 0
# cancelled 0
# skipped 0
# todo 0
# duration_ms 127.835833
