✔ catalog staleness keeps durable result readable and refuses further adapter work (71.617792ms)
✔ policy rejection records dependency before adapter I/O, leaving Run unresolved (48.053959ms)
✔ late query cannot overwrite cancellation and lost cancel ACK remains unresolved (93.555417ms)
✔ stopped Run forbids dispatch and wait stays inside local budget (117.43275ms)
✖ host/Pi wrapper denial of an old async_get leaves the new Run unresolved (133.128542ms)
ℹ tests 5
ℹ suites 0
ℹ pass 4
ℹ fail 1
ℹ cancelled 0
ℹ skipped 0
ℹ todo 0
ℹ duration_ms 1391.93925

✖ failing tests:

test at app/tests/async-boundaries-independent.test.mjs:184:1
✖ host/Pi wrapper denial of an old async_get leaves the new Run unresolved (133.128542ms)
  AssertionError [ERR_ASSERTION]: Expected values to be strictly equal:
  + actual - expected

  + 'completed'
  - 'unknown'

      at TestContext.<anonymous> (file:///private/tmp/cw-terra-async-boundaries/app/tests/async-boundaries-independent.test.mjs:227:12)
      at async Test.run (node:internal/test_runner/test:1208:7)
      at async Test.processPendingSubtests (node:internal/test_runner/test:831:7) {
    generatedMessage: true,
    code: 'ERR_ASSERTION',
    actual: 'completed',
    expected: 'unknown',
    operator: 'strictEqual',
    diff: 'simple'
  }
