Historical test inputs unavailable. Use a full-history clone (or git fetch --unshallow) and preserve the committed schema3 fixture. No tests were skipped.
schema4: missing 7c07ef6b5a19f0eb2c45b8894ab9911de87ea979^{commit}
schema4: missing 7c07ef6b5a19f0eb2c45b8894ab9911de87ea979:app/server/store.mjs
schema4: missing 7c07ef6b5a19f0eb2c45b8894ab9911de87ea979:app/server/runtime-lock.mjs
schema4: missing 7c07ef6b5a19f0eb2c45b8894ab9911de87ea979:app/server/runtime-lock.py
schema4: missing 7c07ef6b5a19f0eb2c45b8894ab9911de87ea979:app/server/work-metrics.mjs
schema4: missing 7c07ef6b5a19f0eb2c45b8894ab9911de87ea979:app/server/work-summary.mjs
schema4: missing 7c07ef6b5a19f0eb2c45b8894ab9911de87ea979:app/runtime/test-hooks.mjs
coordination: missing 6921dbd18de153020c87e4438eebe5260762fee0^{commit}
coordination: missing 6921dbd18de153020c87e4438eebe5260762fee0:app/server/store.mjs
coordination: missing 6921dbd18de153020c87e4438eebe5260762fee0:app/server/runtime-lock.mjs
coordination: missing 6921dbd18de153020c87e4438eebe5260762fee0:app/server/runtime-lock.py
coordination: missing 6921dbd18de153020c87e4438eebe5260762fee0:app/server/work-metrics.mjs
coordination: missing 6921dbd18de153020c87e4438eebe5260762fee0:app/server/work-summary.mjs
coordination: missing 6921dbd18de153020c87e4438eebe5260762fee0:app/runtime/test-hooks.mjs
coordination: missing 6921dbd18de153020c87e4438eebe5260762fee0:app/server/async-task-state.mjs
governance: missing 6921dbd18de153020c87e4438eebe5260762fee0^{commit}
governance: missing 6921dbd18de153020c87e4438eebe5260762fee0:app/core/core.py
governance: missing 6921dbd18de153020c87e4438eebe5260762fee0:app/core/file_candidates.py
governance: missing 6921dbd18de153020c87e4438eebe5260762fee0:app/core/attention.py
governance: missing 6921dbd18de153020c87e4438eebe5260762fee0:app/core/bridge.py
lineage: missing 461ab12148bf9a36ea1f62183b88145285f6c5aa^{commit}
lineage: missing 461ab12148bf9a36ea1f62183b88145285f6c5aa:app/server/store.mjs
lineage: missing 461ab12148bf9a36ea1f62183b88145285f6c5aa:app/server/runtime-lock.mjs
lineage: missing 461ab12148bf9a36ea1f62183b88145285f6c5aa:app/server/runtime-lock.py
lineage: missing 461ab12148bf9a36ea1f62183b88145285f6c5aa:app/server/work-metrics.mjs
lineage: missing 461ab12148bf9a36ea1f62183b88145285f6c5aa:app/server/work-summary.mjs
lineage: missing 461ab12148bf9a36ea1f62183b88145285f6c5aa:app/runtime/test-hooks.mjs
lineage: missing 461ab12148bf9a36ea1f62183b88145285f6c5aa:app/server/async-task-state.mjs
lineage: missing 461ab12148bf9a36ea1f62183b88145285f6c5aa:app/harness/coordination-state.mjs
lineage: missing 461ab12148bf9a36ea1f62183b88145285f6c5aa:app/server/usage-details.mjs
providerPublication: missing a579929edd66544e6aa7cd8cd7d2399fae8265d3^{commit}
providerPublication: missing a579929edd66544e6aa7cd8cd7d2399fae8265d3:app/server/store.mjs
providerPublication: missing a579929edd66544e6aa7cd8cd7d2399fae8265d3:app/server/runtime-lock.mjs
providerPublication: missing a579929edd66544e6aa7cd8cd7d2399fae8265d3:app/server/runtime-lock.py
providerPublication: missing a579929edd66544e6aa7cd8cd7d2399fae8265d3:app/server/work-metrics.mjs
providerPublication: missing a579929edd66544e6aa7cd8cd7d2399fae8265d3:app/server/work-summary.mjs
providerPublication: missing a579929edd66544e6aa7cd8cd7d2399fae8265d3:app/runtime/test-hooks.mjs
providerPublication: missing a579929edd66544e6aa7cd8cd7d2399fae8265d3:app/server/async-task-state.mjs
providerPublication: missing a579929edd66544e6aa7cd8cd7d2399fae8265d3:app/harness/coordination-state.mjs
providerPublication: missing a579929edd66544e6aa7cd8cd7d2399fae8265d3:app/server/usage-details.mjs
