{
  "figures": [
    {
      "id": "fig-00-matter-object",
      "status": "concept",
      "red": null,
      "svgs": 1
    },
    {
      "id": "anatomy-instrument",
      "status": "shipped",
      "red": null,
      "svgs": 0
    },
    {
      "id": "state-to-commit",
      "status": "shipped",
      "red": null,
      "svgs": 1,
      "geometry": {
        "rects": 0,
        "texts": 8,
        "edges": 6
      }
    },
    {
      "id": "pricing-local",
      "status": "concept",
      "red": null,
      "svgs": 1,
      "geometry": "measured by verify.mjs"
    },
    {
      "id": "pricing-hosted",
      "status": "concept",
      "red": null,
      "svgs": 1,
      "geometry": "measured by verify.mjs"
    },
    {
      "id": "pricing-organization",
      "status": "concept",
      "red": null,
      "svgs": 1,
      "geometry": "measured by verify.mjs"
    },
    {
      "id": "pipeline",
      "status": "concept",
      "red": null,
      "svgs": 1,
      "geometry": {
        "rects": 13,
        "texts": 34,
        "edges": 7
      }
    },
    {
      "id": "spark",
      "status": "research",
      "red": null,
      "svgs": 1,
      "geometry": {
        "rects": 6,
        "texts": 9,
        "edges": 2
      }
    },
    {
      "id": "attention",
      "status": "research",
      "red": "#fig-attention-elevated",
      "svgs": 1,
      "geometry": {
        "rects": 49,
        "texts": 3,
        "edges": 3
      }
    },
    {
      "id": "roles",
      "status": "research",
      "red": null,
      "svgs": 1,
      "geometry": {
        "rects": 7,
        "texts": 11,
        "edges": 2
      }
    }
  ],
  "problems": [
    {
      "figure": "pipeline",
      "why": "mounted markup differs from its source file",
      "detail": "site/src/assets/figures/pipeline.svg"
    },
    {
      "figure": "pipeline",
      "why": "text overflows its box",
      "detail": "artifact versions in store"
    },
    {
      "figure": "pipeline",
      "why": "text overlaps an unrelated node",
      "detail": "artifact versions / govern"
    }
  ],
  "pass": false
}
