# mutant: lifecycle records its markers after calling load/refresh (the E1-R1 ordering)
✖ E1-R1: a run ending refreshes exactly once, with a synchronously re-rendering page (6.205ms)
ℹ Error: Test "E1-R1: a run ending refreshes exactly once, with a synchronously re-rendering page" at tests/agent-choice.test.mjs:198:1 generated asynchronous activity after the test ended. This activity created the error "Error: render recursion" and would have caused the test to fail, but instead triggered an unhandledRejection event.
ℹ Error: Test "E1-R1: a run ending refreshes exactly once, with a synchronously re-rendering page" at tests/agent-choice.test.mjs:198:1 generated asynchronous activity after the test ended. This activity created the error "Error: render recursion" and would have caused the test to fail, but instead triggered an unhandledRejection event.
ℹ Error: Test "E1-R1: a run ending refreshes exactly once, with a synchronously re-rendering page" at tests/agent-choice.test.mjs:198:1 generated asynchronous activity after the test ended. This activity created the error "Error: render recursion" and would have caused the test to fail, but instead triggered an unhandledRejection event.
ℹ Error: Test "E1-R1: a run ending refreshes exactly once, with a synchronously re-rendering page" at tests/agent-choice.test.mjs:198:1 generated asynchronous activity after the test ended. This activity created the error "Error: render recursion" and would have caused the test to fail, but instead triggered an unhandledRejection event.
ℹ Error: Test "E1-R1: a run ending refreshes exactly once, with a synchronously re-rendering page" at tests/agent-choice.test.mjs:198:1 generated asynchronous activity after the test ended. This activity created the error "Error: render recursion" and would have caused the test to fail, but instead triggered an unhandledRejection event.
ℹ Error: Test "E1-R1: a run ending refreshes exactly once, with a synchronously re-rendering page" at tests/agent-choice.test.mjs:198:1 generated asynchronous activity after the test ended. This activity created the error "Error: render recursion" and would have caused the test to fail, but instead triggered an unhandledRejection event.
ℹ Error: Test "E1-R1: a run ending refreshes exactly once, with a synchronously re-rendering page" at tests/agent-choice.test.mjs:198:1 generated asynchronous activity after the test ended. This activity created the error "Error: render recursion" and would have caused the test to fail, but instead triggered an unhandledRejection event.
ℹ Error: Test "E1-R1: a run ending refreshes exactly once, with a synchronously re-rendering page" at tests/agent-choice.test.mjs:198:1 generated asynchronous activity after the test ended. This activity created the error "Error: render recursion" and would have caused the test to fail, but instead triggered an unhandledRejection event.
ℹ Error: Test "E1-R1: a run ending refreshes exactly once, with a synchronously re-rendering page" at tests/agent-choice.test.mjs:198:1 generated asynchronous activity after the test ended. This activity created the error "Error: render recursion" and would have caused the test to fail, but instead triggered an unhandledRejection event.
ℹ Error: Test "E1-R1: a run ending refreshes exactly once, with a synchronously re-rendering page" at tests/agent-choice.test.mjs:198:1 generated asynchronous activity after the test ended. This activity created the error "Error: render recursion" and would have caused the test to fail, but instead triggered an unhandledRejection event.
ℹ Error: Test "E1-R1: a run ending refreshes exactly once, with a synchronously re-rendering page" at tests/agent-choice.test.mjs:198:1 generated asynchronous activity after the test ended. This activity created the error "Error: render recursion" and would have caused the test to fail, but instead triggered an unhandledRejection event.
ℹ Error: Test "E1-R1: a run ending refreshes exactly once, with a synchronously re-rendering page" at tests/agent-choice.test.mjs:198:1 generated asynchronous activity after the test ended. This activity created the error "Error: render recursion" and would have caused the test to fail, but instead triggered an unhandledRejection event.
ℹ Error: Test "E1-R1: a run ending refreshes exactly once, with a synchronously re-rendering page" at tests/agent-choice.test.mjs:198:1 generated asynchronous activity after the test ended. This activity created the error "Error: render recursion" and would have caused the test to fail, but instead triggered an unhandledRejection event.
ℹ Error: Test "E1-R1: a run ending refreshes exactly once, with a synchronously re-rendering page" at tests/agent-choice.test.mjs:198:1 generated asynchronous activity after the test ended. This activity created the error "Error: render recursion" and would have caused the test to fail, but instead triggered an unhandledRejection event.
ℹ Error: Test "E1-R1: a run ending refreshes exactly once, with a synchronously re-rendering page" at tests/agent-choice.test.mjs:198:1 generated asynchronous activity after the test ended. This activity created the error "Error: render recursion" and would have caused the test to fail, but instead triggered an unhandledRejection event.
ℹ Error: Test "E1-R1: a run ending refreshes exactly once, with a synchronously re-rendering page" at tests/agent-choice.test.mjs:198:1 generated asynchronous activity after the test ended. This activity created the error "Error: render recursion" and would have caused the test to fail, but instead triggered an unhandledRejection event.
ℹ Error: Test "E1-R1: a run ending refreshes exactly once, with a synchronously re-rendering page" at tests/agent-choice.test.mjs:198:1 generated asynchronous activity after the test ended. This activity created the error "Error: render recursion" and would have caused the test to fail, but instead triggered an unhandledRejection event.
ℹ Error: Test "E1-R1: a run ending refreshes exactly once, with a synchronously re-rendering page" at tests/agent-choice.test.mjs:198:1 generated asynchronous activity after the test ended. This activity created the error "Error: render recursion" and would have caused the test to fail, but instead triggered an unhandledRejection event.
ℹ Error: Test "E1-R1: a run ending refreshes exactly once, with a synchronously re-rendering page" at tests/agent-choice.test.mjs:198:1 generated asynchronous activity after the test ended. This activity created the error "Error: render recursion" and would have caused the test to fail, but instead triggered an unhandledRejection event.
ℹ Error: Test "E1-R1: a run ending refreshes exactly once, with a synchronously re-rendering page" at tests/agent-choice.test.mjs:198:1 generated asynchronous activity after the test ended. This activity created the error "Error: render recursion" and would have caused the test to fail, but instead triggered an unhandledRejection event.
ℹ Error: Test "E1-R1: a run ending refreshes exactly once, with a synchronously re-rendering page" at tests/agent-choice.test.mjs:198:1 generated asynchronous activity after the test ended. This activity created the error "Error: render recursion" and would have caused the test to fail, but instead triggered an unhandledRejection event.
ℹ Error: Test "E1-R1: a run ending refreshes exactly once, with a synchronously re-rendering page" at tests/agent-choice.test.mjs:198:1 generated asynchronous activity after the test ended. This activity created the error "Error: render recursion" and would have caused the test to fail, but instead triggered an unhandledRejection event.
ℹ Error: Test "E1-R1: a run ending refreshes exactly once, with a synchronously re-rendering page" at tests/agent-choice.test.mjs:198:1 generated asynchronous activity after the test ended. This activity created the error "Error: render recursion" and would have caused the test to fail, but instead triggered an unhandledRejection event.
ℹ Error: Test "E1-R1: a run ending refreshes exactly once, with a synchronously re-rendering page" at tests/agent-choice.test.mjs:198:1 generated asynchronous activity after the test ended. This activity created the error "Error: render recursion" and would have caused the test to fail, but instead triggered an unhandledRejection event.
ℹ Error: Test "E1-R1: a run ending refreshes exactly once, with a synchronously re-rendering page" at tests/agent-choice.test.mjs:198:1 generated asynchronous activity after the test ended. This activity created the error "Error: render recursion" and would have caused the test to fail, but instead triggered an unhandledRejection event.
ℹ Error: Test "E1-R1: a run ending refreshes exactly once, with a synchronously re-rendering page" at tests/agent-choice.test.mjs:198:1 generated asynchronous activity after the test ended. This activity created the error "Error: render recursion" and would have caused the test to fail, but instead triggered an unhandledRejection event.
ℹ Error: Test "E1-R1: a run ending refreshes exactly once, with a synchronously re-rendering page" at tests/agent-choice.test.mjs:198:1 generated asynchronous activity after the test ended. This activity created the error "Error: render recursion" and would have caused the test to fail, but instead triggered an unhandledRejection event.
ℹ Error: Test "E1-R1: a run ending refreshes exactly once, with a synchronously re-rendering page" at tests/agent-choice.test.mjs:198:1 generated asynchronous activity after the test ended. This activity created the error "Error: render recursion" and would have caused the test to fail, but instead triggered an unhandledRejection event.
ℹ Error: Test "E1-R1: a run ending refreshes exactly once, with a synchronously re-rendering page" at tests/agent-choice.test.mjs:198:1 generated asynchronous activity after the test ended. This activity created the error "Error: render recursion" and would have caused the test to fail, but instead triggered an unhandledRejection event.
ℹ Error: Test "E1-R1: a run ending refreshes exactly once, with a synchronously re-rendering page" at tests/agent-choice.test.mjs:198:1 generated asynchronous activity after the test ended. This activity created the error "Error: render recursion" and would have caused the test to fail, but instead triggered an unhandledRejection event.
ℹ Error: Test "E1-R1: a run ending refreshes exactly once, with a synchronously re-rendering page" at tests/agent-choice.test.mjs:198:1 generated asynchronous activity after the test ended. This activity created the error "Error: render recursion" and would have caused the test to fail, but instead triggered an unhandledRejection event.
ℹ Error: Test "E1-R1: a run ending refreshes exactly once, with a synchronously re-rendering page" at tests/agent-choice.test.mjs:198:1 generated asynchronous activity after the test ended. This activity created the error "Error: render recursion" and would have caused the test to fail, but instead triggered an unhandledRejection event.
ℹ Error: Test "E1-R1: a run ending refreshes exactly once, with a synchronously re-rendering page" at tests/agent-choice.test.mjs:198:1 generated asynchronous activity after the test ended. This activity created the error "Error: render recursion" and would have caused the test to fail, but instead triggered an unhandledRejection event.
ℹ Error: Test "E1-R1: a run ending refreshes exactly once, with a synchronously re-rendering page" at tests/agent-choice.test.mjs:198:1 generated asynchronous activity after the test ended. This activity created the error "Error: render recursion" and would have caused the test to fail, but instead triggered an unhandledRejection event.
ℹ Error: Test "E1-R1: a run ending refreshes exactly once, with a synchronously re-rendering page" at tests/agent-choice.test.mjs:198:1 generated asynchronous activity after the test ended. This activity created the error "Error: render recursion" and would have caused the test to fail, but instead triggered an unhandledRejection event.
ℹ Error: Test "E1-R1: a run ending refreshes exactly once, with a synchronously re-rendering page" at tests/agent-choice.test.mjs:198:1 generated asynchronous activity after the test ended. This activity created the error "Error: render recursion" and would have caused the test to fail, but instead triggered an unhandledRejection event.
ℹ Error: Test "E1-R1: a run ending refreshes exactly once, with a synchronously re-rendering page" at tests/agent-choice.test.mjs:198:1 generated asynchronous activity after the test ended. This activity created the error "Error: render recursion" and would have caused the test to fail, but instead triggered an unhandledRejection event.
ℹ Error: Test "E1-R1: a run ending refreshes exactly once, with a synchronously re-rendering page" at tests/agent-choice.test.mjs:198:1 generated asynchronous activity after the test ended. This activity created the error "Error: render recursion" and would have caused the test to fail, but instead triggered an unhandledRejection event.
ℹ Error: Test "E1-R1: a run ending refreshes exactly once, with a synchronously re-rendering page" at tests/agent-choice.test.mjs:198:1 generated asynchronous activity after the test ended. This activity created the error "Error: render recursion" and would have caused the test to fail, but instead triggered an unhandledRejection event.
ℹ Error: Test "E1-R1: a run ending refreshes exactly once, with a synchronously re-rendering page" at tests/agent-choice.test.mjs:198:1 generated asynchronous activity after the test ended. This activity created the error "Error: render recursion" and would have caused the test to fail, but instead triggered an unhandledRejection event.
ℹ Error: Test "E1-R1: a run ending refreshes exactly once, with a synchronously re-rendering page" at tests/agent-choice.test.mjs:198:1 generated asynchronous activity after the test ended. This activity created the error "Error: render recursion" and would have caused the test to fail, but instead triggered an unhandledRejection event.
ℹ Error: Test "E1-R1: a run ending refreshes exactly once, with a synchronously re-rendering page" at tests/agent-choice.test.mjs:198:1 generated asynchronous activity after the test ended. This activity created the error "Error: render recursion" and would have caused the test to fail, but instead triggered an unhandledRejection event.
ℹ Error: Test "E1-R1: a run ending refreshes exactly once, with a synchronously re-rendering page" at tests/agent-choice.test.mjs:198:1 generated asynchronous activity after the test ended. This activity created the error "Error: render recursion" and would have caused the test to fail, but instead triggered an unhandledRejection event.
ℹ Error: Test "E1-R1: a run ending refreshes exactly once, with a synchronously re-rendering page" at tests/agent-choice.test.mjs:198:1 generated asynchronous activity after the test ended. This activity created the error "Error: render recursion" and would have caused the test to fail, but instead triggered an unhandledRejection event.
ℹ tests 1
ℹ suites 0
ℹ pass 0
ℹ fail 1
ℹ cancelled 0
ℹ skipped 0
ℹ todo 0
ℹ duration_ms 94.843916

✖ failing tests:

test at tests/agent-choice.test.mjs:198:1
✖ E1-R1: a run ending refreshes exactly once, with a synchronously re-rendering page (6.205ms)
  Error: render recursion
      at Object.render (file:///Users/lesprivilege/Projects/.worktrees/courtwork-role-composer-20260922/app/tests/agent-choice.test.mjs:190:29)
      at TestContext.<anonymous> (file:///Users/lesprivilege/Projects/.worktrees/courtwork-role-composer-20260922/app/tests/agent-choice.test.mjs:208:38)
      at async Test.run (node:internal/test_runner/test:1208:7)
      at async startSubtestAfterBootstrap (node:internal/test_runner/harness:385:3)
exit 1
