# before: runtime-view.mjs at HEAD bf85363 (no pending destination)
✖ first visit: a destination asked for during the first read opens when it lands (2.397209ms)
ℹ tests 1
ℹ suites 0
ℹ pass 0
ℹ fail 1
ℹ cancelled 0
ℹ skipped 0
ℹ todo 0
ℹ duration_ms 102.660875

✖ failing tests:

test at tests/runtime-view-pending-open.test.mjs:57:1
✖ first visit: a destination asked for during the first read opens when it lands (2.397209ms)
  AssertionError [ERR_ASSERTION]: Expected values to be strictly equal:

  false !== 'pending'

      at file:///Users/lesprivilege/Projects/.worktrees/courtwork-role-composer-20260922/app/tests/runtime-view-pending-open.test.mjs:60:10
      at file:///Users/lesprivilege/Projects/.worktrees/courtwork-role-composer-20260922/app/tests/tiny-dom.mjs:154:17
      at async Test.run (node:internal/test_runner/test:1208:7)
      at async startSubtestAfterBootstrap (node:internal/test_runner/harness:385:3) {
    generatedMessage: true,
    code: 'ERR_ASSERTION',
    actual: false,
    expected: 'pending',
    operator: 'strictEqual',
    diff: 'simple'
  }
exit 1
