PASS HOME-1 {"centre":0.56,"threshold":0.55}
PASS HOME-2 {"aboveComposerHeight":38}
PASS HOME-3 {"orientation":38,"text":"Work that exists beyond the model."}
PASS HOME-4 {"width":820}
PASS HOME-5 {"input":96}
PASS HOME-6 {}
PASS HOME-7 {"stats":3,"planned":0,"backendPendingOnHome":false,"order":["composer-area","home-top-band","message-stream-wrap"]}
PASS HOME-overflow {"overflow":0}
PASS HOME-narrow-dock {"order":["home-top-band","message-stream-wrap","composer-area"]}
PASS HOME-narrow-overflow {"overflow":0}
PASS WORK-1 {"homePrimitives":0,"bandHidden":true}
PASS WORK-2 {"order":["home-top-band","message-stream-wrap","composer-area"],"width":740}
PASS WORK-3 {"input":88}
PASS WORK-overflow {"overflow":0}
PASS WORK-4 {"surfaceOpen":true,"readingWidth":1184,"composerMeasure":740}
PASS SHELL-1 {"unsafeControls":[]}
PASS SETTINGS-1 {"settingsActive":true,"navHidden":true,"navInert":true,"navRects":0,"navFocusable":0,"toggleNavHidden":true}
PASS SETTINGS-2 {"navColumn":240,"contentColumn":820,"leftGutter":48,"rightGutter":48}
PASS SETTINGS-3 {"blockGaps":[40],"rowPaddingTopBottom":[12,12],"rowSpacing":24}
PASS SETTINGS-4 {"labelLeftEdges":[341],"controlRightEdges":[1119]}
PASS SETTINGS-back-label {"backLabel":"Back to app","backVisible":true}
PASS SETTINGS-title {"pageTitle":"Settings","settingsHeadingsOnScreen":1,"labelledBy":"session-title"}
PASS SETTINGS-1440-overflow {"overflow":0}
PASS SETTINGS-5 {"settingsOpen":false,"view":"home","sidebarBack":true,"focus":"quiet-button icon-only"}
PASS SETTINGS-1680-gutter {"leftGutter":64,"overflow":0}
PASS SETTINGS-1024-overflow {"overflow":0,"sidebarRendered":0}
PASS SETTINGS-6 {"selectVisible":true,"navListVisible":false,"gutter":16,"controlsUnder44":[],"overflow":0}
PASS SETTINGS-7 {"overflow":0,"cssViewport":720}
PASS SHELL-2 {"host":"desktop","unsafeControls":[]}
PASS SHELL-3 {"host":"desktop","unsafeControls":[]}
PASS SHELL-2-browser {"host":"browser","unsafeControls":null}
PASS SHELL-3-browser {"host":"browser","unsafeControls":null}
32 / 32
