
> se-agent-v5-runtime@0.1.0 start
> node server/index.mjs --data-dir /private/tmp/se-agent-fe02-data/main --port 8887

http://127.0.0.1:8887
node:events:487
      throw er; // Unhandled 'error' event
      ^

Error: write EPIPE
    at afterWriteDispatched (node:internal/stream_base_commons:159:15)
    at writeGeneric (node:internal/stream_base_commons:150:3)
    at Socket._writeGeneric (node:net:1025:11)
    at Socket._write (node:net:1037:8)
    at writeOrBuffer (node:internal/streams/writable:570:12)
    at _write (node:internal/streams/writable:499:10)
    at Writable.write (node:internal/streams/writable:508:10)
    at file:///private/tmp/se-agent-fe02/app/server/runtime-lock.mjs:190:21
    at new Promise (<anonymous>)
    at Object.release (file:///private/tmp/se-agent-fe02/app/server/runtime-lock.mjs:186:22)
Emitted 'error' event on Socket instance at:
    at emitErrorNT (node:internal/streams/destroy:170:8)
    at emitErrorCloseNT (node:internal/streams/destroy:129:3)
    at process.processTicksAndRejections (node:internal/process/task_queues:90:21) {
  errno: -32,
  code: 'EPIPE',
  syscall: 'write'
}

Node.js v25.9.0
