PASS  V1 · the page requests nothing off its own origin  {"requests":7,"foreign":[]}
PASS  V2 · the specimen requests nothing off its own origin  {"entries":17,"foreign":[]}
FAIL  V3 · all eight specimen steps are reachable and the tablist walks with the arrow keys  {"tabs":7,"reached":["Step 1 of 7","Step 2 of 7","Step 3 of 7","Step 4 of 7","Step 5 of 7","Step 6 of 7","Step 7 of 7"],"afterArrow":"Step 2 of 7","tabStops":1}
PASS  V3b · frozen source lookup, negative identities and replay refusal  {"valid":true,"wrongCandidate":null,"wrongVersion":null,"wrongBytes":null,"selected":"step-candidate","refusal":"replay · not sent这是当时记录下的 decide 请求。它没有被发出。{\n  \"request_id\": \"decide-15a5e381-7e0a-425b-a7bf-700250aeed70\",\n  \"candidate_id\": \"candidate-60bc7de10cbe7dc158a7157f019589109e42eaf73ad9630ccd096867241e614c\",\n  \"base_version\": 0,\n  \"action\": \"accept\",\n  \"reason\": \"Synthetic replay inspection\"\n}","source":"Recorded sourcesSourcesource-9495d3ef-6ef3-4117-825a-f53b90dc6a7aVersion1SYNTHETIC INBOUND NON-DISCLOSURE AGREEMENT\nDisclosing Party: Northstar Bio, Inc.\nReceiving Party: Courtwork Holdings Pte. Ltd.\nTransaction: Project Cedar acquisition.\n\n1. Purpose. Recipient may use Confidential Information solely to evaluate Project Cedar acquisition.\n2. Recipients. Recipient may disclose Confidential Information only to employees and professional advisers with a need to know who are bound by confidentiality obligations at least as protective as this Agreement.\n3. Safeguards. Recipient shall maintain reasonable administrative, technical, and physical safeguards and notify Disclosing Party without undue delay after discovering unauthorized access.\n4. Term. These confidentiality obligations continue for three years after the Effective Date.","links":7}
FAIL  V3c · pricing panels and keyboard selection  {"count":3,"reached":[true,true,true],"arrow":"pricing-tab-hosted","concepts":"CHOOSE YOUR WORKSPACE","cards":3}
FAIL  V3d · one decorative object, three projections, current Home captured  {"seen":[{"projection":"events","same":true,"visible":1},{"projection":"surface","same":true,"visible":1},{"projection":"context","same":true,"visible":1}],"instant":true,"caption":"The work remains."}
PASS  V4 · prefers-reduced-motion: nothing is dimmed and nothing moves  {"focusEngaged":true,"dimmed":[],"animated":[]}
PASS  V4 · prefers-reduced-transparency: nothing is dimmed and nothing moves  {"focusEngaged":true,"dimmed":[],"animated":[]}
PASS  V5 · with no preference set, the section does defocus what it is not explaining  {"dims":[{"layer":"input","filter":"blur(1.6px)","opacity":"0.42","textSharp":true},{"layer":"output","filter":"blur(1.6px)","opacity":"0.42","textSharp":true},{"layer":"commit","filter":"none","opacity":"1","textSharp":true}]}
FAIL  V6 · without scripting the first screen and sections 03 / 05 / 06 are complete  {"evaluatedInPage":{"hero":false,"architecture":false,"evidence":false,"build":false,"layers":6,"diagram":true},"servedBytes":56581}
FAIL  V6b · without scripting the specimen falls back to the step list with its stills  {"stills":7}
PASS  V7 · contrast · light  {"measured":392,"minimum":4.69,"failures":[]}
PASS  V7 · contrast · dark  {"measured":392,"minimum":6.85,"failures":[]}
PASS  V8 · 1440px light does not scroll sideways  {"overflow":0,"file":"site/verification/page-1440-light.png"}
PASS  V8 · 1440px dark does not scroll sideways  {"overflow":0,"file":"site/verification/page-1440-dark.png"}
PASS  V8 · 390px light does not scroll sideways  {"overflow":0,"file":"site/verification/page-390-light.png"}
PASS  V8 · 390px dark does not scroll sideways  {"overflow":0,"file":"site/verification/page-390-dark.png"}
PASS  V8 · 1440px light at 200% does not scroll sideways  {"overflow":0,"file":"site/verification/page-1440-light-zoom200.png"}
PASS  V9 · index.html figures at 1440px light: geometry, text contrast, responsive view, registered red  {"figures":12,"red":"rgb(179, 38, 45)","reds":[{"id":"attention","reds":["#fig-attention-elevated"]},{"id":"source-change","reds":["#source-change-decision"]}],"failures":[]}
PASS  V9 · index.html figures at 1440px dark: geometry, text contrast, responsive view, registered red  {"figures":12,"red":"rgb(237, 147, 150)","reds":[{"id":"attention","reds":["#fig-attention-elevated"]},{"id":"source-change","reds":["#source-change-decision"]}],"failures":[]}
PASS  V9 · index.html figures at 1280px light: geometry, text contrast, responsive view, registered red  {"figures":12,"red":"rgb(179, 38, 45)","reds":[{"id":"attention","reds":["#fig-attention-elevated"]},{"id":"source-change","reds":["#source-change-decision"]}],"failures":[]}
PASS  V9 · index.html figures at 390px light: geometry, text contrast, responsive view, registered red  {"figures":12,"red":"rgb(179, 38, 45)","reds":[{"id":"attention","reds":["#fig-attention-elevated"]},{"id":"source-change-compact","reds":["#source-change-compact-decision"]}],"failures":[]}
PASS  V9 · index.html figures at 390px dark: geometry, text contrast, responsive view, registered red  {"figures":12,"red":"rgb(237, 147, 150)","reds":[{"id":"attention","reds":["#fig-attention-elevated"]},{"id":"source-change-compact","reds":["#source-change-compact-decision"]}],"failures":[]}
PASS  V9 · tour.html figures at 1440px light: geometry, text contrast, responsive view, registered red  {"figures":2,"red":"rgb(179, 38, 45)","reds":[{"id":"candidate-to-record","reds":["#candidate-to-record-decision"]}],"failures":[]}
PASS  V9 · tour.html figures at 1440px dark: geometry, text contrast, responsive view, registered red  {"figures":2,"red":"rgb(237, 147, 150)","reds":[{"id":"candidate-to-record","reds":["#candidate-to-record-decision"]}],"failures":[]}
PASS  V9 · tour.html figures at 1280px light: geometry, text contrast, responsive view, registered red  {"figures":2,"red":"rgb(179, 38, 45)","reds":[{"id":"candidate-to-record","reds":["#candidate-to-record-decision"]}],"failures":[]}
PASS  V9 · tour.html figures at 390px light: geometry, text contrast, responsive view, registered red  {"figures":2,"red":"rgb(179, 38, 45)","reds":[{"id":"candidate-to-record-compact","reds":["#candidate-to-record-compact-decision"]}],"failures":[]}
PASS  V9 · tour.html figures at 390px dark: geometry, text contrast, responsive view, registered red  {"figures":2,"red":"rgb(237, 147, 150)","reds":[{"id":"candidate-to-record-compact","reds":["#candidate-to-record-compact-decision"]}],"failures":[]}
PASS  V10 · greyscale 1440px light: the elevated item stays distinct without colour  {"markGrey":68,"groundGrey":245,"contrast":8.86,"onlyFilled":true,"quiet":48,"labelWeight":"600"}
PASS  V10 · greyscale 1440px dark: the elevated item stays distinct without colour  {"markGrey":166,"groundGrey":34,"contrast":6.58,"onlyFilled":true,"quiet":48,"labelWeight":"600"}
PASS  V10 · greyscale 390px light: the elevated item stays distinct without colour  {"markGrey":68,"groundGrey":245,"contrast":8.86,"onlyFilled":true,"quiet":48,"labelWeight":"600"}
PASS  V10 · forced colours 1440px light: no red survives, the elevated item stays the only filled mark  {"active":true,"elevated":"rgb(0, 0, 0)","text":"rgb(0, 0, 0)","sameAsText":true,"quietUnfilled":true}
PASS  V10 · forced colours 390px dark: no red survives, the elevated item stays the only filled mark  {"active":true,"elevated":"rgb(255, 255, 255)","text":"rgb(255, 255, 255)","sameAsText":true,"quietUnfilled":true}
PASS  V10 · figure screenshot matrix written  {"shots":41,"dir":"evidence/pages-v3-20260911/figures"}

29/34 checks passed
