$ git diff --check 82c6036..HEAD
engineering/design/icon-specimen/index.html:38: trailing whitespace.
+ 
engineering/design/icon-specimen/index.html:39: trailing whitespace.
+ 
engineering/design/icon-specimen/index.html:50: trailing whitespace.
+ 
engineering/design/icon-specimen/index.html:51: trailing whitespace.
+ 
engineering/design/icon-specimen/index.html:61: trailing whitespace.
+ 
engineering/design/icon-specimen/index.html:62: trailing whitespace.
+ 
engineering/design/icon-specimen/index.html:72: trailing whitespace.
+ 
engineering/design/icon-specimen/index.html:73: trailing whitespace.
+ 
engineering/design/icon-specimen/index.html:84: trailing whitespace.
+ 
engineering/design/icon-specimen/index.html:85: trailing whitespace.
+ 
engineering/design/icon-specimen/index.html:98: trailing whitespace.
+ 
engineering/design/icon-specimen/index.html:99: trailing whitespace.
+ 
engineering/design/icon-specimen/index.html:110: trailing whitespace.
+ 
engineering/design/icon-specimen/index.html:111: trailing whitespace.
+ 
engineering/design/icon-specimen/index.html:122: trailing whitespace.
+ 
engineering/design/icon-specimen/index.html:123: trailing whitespace.
+ 
engineering/design/icon-specimen/index.html:134: trailing whitespace.
+ 
engineering/design/icon-specimen/index.html:135: trailing whitespace.
+ 
engineering/design/icon-specimen/index.html:145: trailing whitespace.
+ 
engineering/design/icon-specimen/index.html:146: trailing whitespace.
+ 
engineering/design/icon-specimen/index.html:156: trailing whitespace.
+ 
engineering/design/icon-specimen/index.html:157: trailing whitespace.
+ 
engineering/design/icon-specimen/index.html:171: trailing whitespace.
+ 
engineering/design/icon-specimen/index.html:172: trailing whitespace.
+ 
engineering/design/icon-specimen/index.html:182: trailing whitespace.
+ 
engineering/design/icon-specimen/index.html:183: trailing whitespace.
+ 
engineering/design/icon-specimen/index.html:193: trailing whitespace.
+ 
engineering/design/icon-specimen/index.html:194: trailing whitespace.
+ 
engineering/design/icon-specimen/index.html:205: trailing whitespace.
+ 
engineering/design/icon-specimen/index.html:206: trailing whitespace.
+ 
engineering/design/icon-specimen/index.html:219: trailing whitespace.
+ 
engineering/design/icon-specimen/index.html:220: trailing whitespace.
+ 
engineering/design/icon-specimen/index.html:230: trailing whitespace.
+ 
engineering/design/icon-specimen/index.html:231: trailing whitespace.
+ 
engineering/design/icon-specimen/index.html:242: trailing whitespace.
+ 
engineering/design/icon-specimen/index.html:243: trailing whitespace.
+ 
engineering/design/icon-specimen/index.html:264: trailing whitespace.
+ 
engineering/design/icon-specimen/index.html:265: trailing whitespace.
+ 
engineering/design/icon-specimen/index.html:276: trailing whitespace.
+ 
engineering/design/icon-specimen/index.html:277: trailing whitespace.
+ 
engineering/design/icon-specimen/index.html:287: trailing whitespace.
+ 
engineering/design/icon-specimen/index.html:288: trailing whitespace.
+ 
engineering/design/icon-specimen/index.html:299: trailing whitespace.
+ 
engineering/design/icon-specimen/index.html:300: trailing whitespace.
+ 
engineering/design/icon-specimen/index.html:313: trailing whitespace.
+ 
engineering/design/icon-specimen/index.html:314: trailing whitespace.
+ 
engineering/design/icon-specimen/index.html:325: trailing whitespace.
+ 
engineering/design/icon-specimen/index.html:326: trailing whitespace.
+ 
engineering/design/icon-specimen/index.html:337: trailing whitespace.
+ 
engineering/design/icon-specimen/index.html:338: trailing whitespace.
+ 
engineering/design/icon-specimen/index.html:349: trailing whitespace.
+ 
engineering/design/icon-specimen/index.html:350: trailing whitespace.
+ 
engineering/design/icon-specimen/index.html:360: trailing whitespace.
+ 
engineering/design/icon-specimen/index.html:361: trailing whitespace.
+ 
engineering/design/icon-specimen/index.html:371: trailing whitespace.
+ 
engineering/design/icon-specimen/index.html:372: trailing whitespace.
+ 
engineering/design/icon-specimen/index.html:386: trailing whitespace.
+ 
engineering/design/icon-specimen/index.html:387: trailing whitespace.
+ 
engineering/design/icon-specimen/index.html:397: trailing whitespace.
+ 
engineering/design/icon-specimen/index.html:398: trailing whitespace.
+ 
engineering/design/icon-specimen/index.html:409: trailing whitespace.
+ 
engineering/design/icon-specimen/index.html:410: trailing whitespace.
+ 
engineering/design/icon-specimen/index.html:423: trailing whitespace.
+ 
engineering/design/icon-specimen/index.html:424: trailing whitespace.
+ 
engineering/design/icon-specimen/index.html:434: trailing whitespace.
+ 
engineering/design/icon-specimen/index.html:435: trailing whitespace.
+ 
engineering/design/icon-specimen/index.html:446: trailing whitespace.
+ 
engineering/design/icon-specimen/index.html:447: trailing whitespace.
+ 
engineering/design/icon-specimen/index.html:457: trailing whitespace.
+ 
engineering/design/icon-specimen/index.html:458: trailing whitespace.
+ 
engineering/design/icon-specimen/index.html:469: trailing whitespace.
+ 
engineering/design/icon-specimen/index.html:470: trailing whitespace.
+ 
engineering/design/icon-specimen/index.html:481: trailing whitespace.
+ 
engineering/design/icon-specimen/index.html:482: trailing whitespace.
+ 
engineering/design/icon-specimen/index.html:495: trailing whitespace.
+ 
engineering/design/icon-specimen/index.html:496: trailing whitespace.
+ 
engineering/design/icon-specimen/index.html:506: trailing whitespace.
+ 
engineering/design/icon-specimen/index.html:507: trailing whitespace.
+ 
engineering/design/icon-specimen/index.html:520: trailing whitespace.
+ 
engineering/design/icon-specimen/index.html:521: trailing whitespace.
+ 
engineering/design/icon-specimen/index.html:534: trailing whitespace.
+ 
engineering/design/icon-specimen/index.html:535: trailing whitespace.
+ 
engineering/design/icon-specimen/index.html:546: trailing whitespace.
+ 
engineering/design/icon-specimen/index.html:547: trailing whitespace.
+ 
engineering/design/icon-specimen/index.html:571: trailing whitespace.
+ 
engineering/design/icon-specimen/index.html:572: trailing whitespace.
+ 
engineering/design/icon-specimen/index.html:583: trailing whitespace.
+ 
engineering/design/icon-specimen/index.html:584: trailing whitespace.
+ 
engineering/design/icon-specimen/index.html:594: trailing whitespace.
+ 
engineering/design/icon-specimen/index.html:595: trailing whitespace.
+ 
engineering/design/icon-specimen/index.html:605: trailing whitespace.
+ 
engineering/design/icon-specimen/index.html:606: trailing whitespace.
+ 
engineering/design/icon-specimen/index.html:617: trailing whitespace.
+ 
engineering/design/icon-specimen/index.html:618: trailing whitespace.
+ 
engineering/design/icon-specimen/index.html:631: trailing whitespace.
+ 
engineering/design/icon-specimen/index.html:632: trailing whitespace.
+ 
engineering/design/icon-specimen/index.html:643: trailing whitespace.
+ 
engineering/design/icon-specimen/index.html:644: trailing whitespace.
+ 
engineering/design/icon-specimen/index.html:655: trailing whitespace.
+ 
engineering/design/icon-specimen/index.html:656: trailing whitespace.
+ 
engineering/design/icon-specimen/index.html:667: trailing whitespace.
+ 
engineering/design/icon-specimen/index.html:668: trailing whitespace.
+ 
engineering/design/icon-specimen/index.html:678: trailing whitespace.
+ 
engineering/design/icon-specimen/index.html:679: trailing whitespace.
+ 
engineering/design/icon-specimen/index.html:689: trailing whitespace.
+ 
engineering/design/icon-specimen/index.html:690: trailing whitespace.
+ 
engineering/design/icon-specimen/index.html:704: trailing whitespace.
+ 
engineering/design/icon-specimen/index.html:705: trailing whitespace.
+ 
engineering/design/icon-specimen/index.html:715: trailing whitespace.
+ 
engineering/design/icon-specimen/index.html:716: trailing whitespace.
+ 
engineering/design/icon-specimen/index.html:726: trailing whitespace.
+ 
engineering/design/icon-specimen/index.html:727: trailing whitespace.
+ 
engineering/design/icon-specimen/index.html:738: trailing whitespace.
+ 
engineering/design/icon-specimen/index.html:739: trailing whitespace.
+ 
engineering/design/icon-specimen/index.html:752: trailing whitespace.
+ 
engineering/design/icon-specimen/index.html:753: trailing whitespace.
+ 
engineering/design/icon-specimen/index.html:763: trailing whitespace.
+ 
engineering/design/icon-specimen/index.html:764: trailing whitespace.
+ 
engineering/design/icon-specimen/index.html:775: trailing whitespace.
+ 
engineering/design/icon-specimen/index.html:776: trailing whitespace.
+ 
exit=2
--- summary ---
REVISION: patch has trailing whitespace errors
